Archive member included to satisfy reference by file (symbol)

/home/chris/st/stm32cubeide_1.2.0/plugins/com.st.stm32cube.ide.mcu.externaltools.gnu-tools-for-stm32.7-2018-q2-update.linux64_1.0.0.201904181610/tools/bin/../lib/gcc/arm-none-eabi/7.3.1/../../../../arm-none-eabi/lib/thumb/v6-m/libc_nano.a(lib_a-errno.o)
                              Core/Src/syscalls.o (__errno)
/home/chris/st/stm32cubeide_1.2.0/plugins/com.st.stm32cube.ide.mcu.externaltools.gnu-tools-for-stm32.7-2018-q2-update.linux64_1.0.0.201904181610/tools/bin/../lib/gcc/arm-none-eabi/7.3.1/../../../../arm-none-eabi/lib/thumb/v6-m/libc_nano.a(lib_a-exit.o)
                              /home/chris/st/stm32cubeide_1.2.0/plugins/com.st.stm32cube.ide.mcu.externaltools.gnu-tools-for-stm32.7-2018-q2-update.linux64_1.0.0.201904181610/tools/bin/../lib/gcc/arm-none-eabi/7.3.1/../../../../arm-none-eabi/lib/thumb/v6-m/crt0.o (exit)
/home/chris/st/stm32cubeide_1.2.0/plugins/com.st.stm32cube.ide.mcu.externaltools.gnu-tools-for-stm32.7-2018-q2-update.linux64_1.0.0.201904181610/tools/bin/../lib/gcc/arm-none-eabi/7.3.1/../../../../arm-none-eabi/lib/thumb/v6-m/libc_nano.a(lib_a-impure.o)
                              /home/chris/st/stm32cubeide_1.2.0/plugins/com.st.stm32cube.ide.mcu.externaltools.gnu-tools-for-stm32.7-2018-q2-update.linux64_1.0.0.201904181610/tools/bin/../lib/gcc/arm-none-eabi/7.3.1/../../../../arm-none-eabi/lib/thumb/v6-m/libc_nano.a(lib_a-exit.o) (_global_impure_ptr)
/home/chris/st/stm32cubeide_1.2.0/plugins/com.st.stm32cube.ide.mcu.externaltools.gnu-tools-for-stm32.7-2018-q2-update.linux64_1.0.0.201904181610/tools/bin/../lib/gcc/arm-none-eabi/7.3.1/../../../../arm-none-eabi/lib/thumb/v6-m/libc_nano.a(lib_a-init.o)
                              /home/chris/st/stm32cubeide_1.2.0/plugins/com.st.stm32cube.ide.mcu.externaltools.gnu-tools-for-stm32.7-2018-q2-update.linux64_1.0.0.201904181610/tools/bin/../lib/gcc/arm-none-eabi/7.3.1/../../../../arm-none-eabi/lib/thumb/v6-m/crt0.o (__libc_init_array)
/home/chris/st/stm32cubeide_1.2.0/plugins/com.st.stm32cube.ide.mcu.externaltools.gnu-tools-for-stm32.7-2018-q2-update.linux64_1.0.0.201904181610/tools/bin/../lib/gcc/arm-none-eabi/7.3.1/../../../../arm-none-eabi/lib/thumb/v6-m/libc_nano.a(lib_a-memset.o)
                              /home/chris/st/stm32cubeide_1.2.0/plugins/com.st.stm32cube.ide.mcu.externaltools.gnu-tools-for-stm32.7-2018-q2-update.linux64_1.0.0.201904181610/tools/bin/../lib/gcc/arm-none-eabi/7.3.1/../../../../arm-none-eabi/lib/thumb/v6-m/crt0.o (memset)
/home/chris/st/stm32cubeide_1.2.0/plugins/com.st.stm32cube.ide.mcu.externaltools.gnu-tools-for-stm32.7-2018-q2-update.linux64_1.0.0.201904181610/tools/bin/../lib/gcc/arm-none-eabi/7.3.1/../../../../arm-none-eabi/lib/thumb/v6-m/libm.a(lib_a-w_sqrt.o)
                              Core/Src/main.o (sqrt)
/home/chris/st/stm32cubeide_1.2.0/plugins/com.st.stm32cube.ide.mcu.externaltools.gnu-tools-for-stm32.7-2018-q2-update.linux64_1.0.0.201904181610/tools/bin/../lib/gcc/arm-none-eabi/7.3.1/../../../../arm-none-eabi/lib/thumb/v6-m/libm.a(lib_a-e_sqrt.o)
                              /home/chris/st/stm32cubeide_1.2.0/plugins/com.st.stm32cube.ide.mcu.externaltools.gnu-tools-for-stm32.7-2018-q2-update.linux64_1.0.0.201904181610/tools/bin/../lib/gcc/arm-none-eabi/7.3.1/../../../../arm-none-eabi/lib/thumb/v6-m/libm.a(lib_a-w_sqrt.o) (__ieee754_sqrt)
/home/chris/st/stm32cubeide_1.2.0/plugins/com.st.stm32cube.ide.mcu.externaltools.gnu-tools-for-stm32.7-2018-q2-update.linux64_1.0.0.201904181610/tools/bin/../lib/gcc/arm-none-eabi/7.3.1/../../../../arm-none-eabi/lib/thumb/v6-m/libm.a(lib_a-s_lib_ver.o)
                              /home/chris/st/stm32cubeide_1.2.0/plugins/com.st.stm32cube.ide.mcu.externaltools.gnu-tools-for-stm32.7-2018-q2-update.linux64_1.0.0.201904181610/tools/bin/../lib/gcc/arm-none-eabi/7.3.1/../../../../arm-none-eabi/lib/thumb/v6-m/libm.a(lib_a-w_sqrt.o) (__fdlib_version)
/home/chris/st/stm32cubeide_1.2.0/plugins/com.st.stm32cube.ide.mcu.externaltools.gnu-tools-for-stm32.7-2018-q2-update.linux64_1.0.0.201904181610/tools/bin/../lib/gcc/arm-none-eabi/7.3.1/../../../../arm-none-eabi/lib/thumb/v6-m/libm.a(lib_a-s_matherr.o)
                              /home/chris/st/stm32cubeide_1.2.0/plugins/com.st.stm32cube.ide.mcu.externaltools.gnu-tools-for-stm32.7-2018-q2-update.linux64_1.0.0.201904181610/tools/bin/../lib/gcc/arm-none-eabi/7.3.1/../../../../arm-none-eabi/lib/thumb/v6-m/libm.a(lib_a-w_sqrt.o) (matherr)
/home/chris/st/stm32cubeide_1.2.0/plugins/com.st.stm32cube.ide.mcu.externaltools.gnu-tools-for-stm32.7-2018-q2-update.linux64_1.0.0.201904181610/tools/bin/../lib/gcc/arm-none-eabi/7.3.1/thumb/v6-m/libgcc.a(_udivsi3.o)
                              Core/Src/system_stm32f0xx.o (__aeabi_uidiv)
/home/chris/st/stm32cubeide_1.2.0/plugins/com.st.stm32cube.ide.mcu.externaltools.gnu-tools-for-stm32.7-2018-q2-update.linux64_1.0.0.201904181610/tools/bin/../lib/gcc/arm-none-eabi/7.3.1/thumb/v6-m/libgcc.a(_dvmd_tls.o)
[...]
Memory Configuration

Name             Origin             Length             Attributes
RAM              0x0000000020000000 0x0000000000002000 xrw
FLASH            0x0000000008000000 0x0000000000010000 xr
*default*        0x0000000000000000 0xffffffffffffffff

Linker script and memory map

LOAD /home/chris/st/stm32cubeide_1.2.0/plugins/com.st.stm32cube.ide.mcu.externaltools.gnu-tools-for-stm32.7-2018-q2-update.linux64_1.0.0.201904181610/tools/bin/../lib/gcc/arm-none-eabi/7.3.1/thumb/v6-m/crti.o
LOAD /home/chris/st/stm32cubeide_1.2.0/plugins/com.st.stm32cube.ide.mcu.externaltools.gnu-tools-for-stm32.7-2018-q2-update.linux64_1.0.0.201904181610/tools/bin/../lib/gcc/arm-none-eabi/7.3.1/thumb/v6-m/crtbegin.o
LOAD /home/chris/st/stm32cubeide_1.2.0/plugins/com.st.stm32cube.ide.mcu.externaltools.gnu-tools-for-stm32.7-2018-q2-update.linux64_1.0.0.201904181610/tools/bin/../lib/gcc/arm-none-eabi/7.3.1/../../../../arm-none-eabi/lib/thumb/v6-m/crt0.o
LOAD Core/Src/adc.o
LOAD Core/Src/dma.o
LOAD Core/Src/gpio.o
LOAD Core/Src/main.o
LOAD Core/Src/stm32f0xx_hal_msp.o
LOAD Core/Src/stm32f0xx_it.o
LOAD Core/Src/syscalls.o
LOAD Core/Src/sysmem.o
LOAD Core/Src/system_stm32f0xx.o
LOAD Core/Src/tim.o
LOAD Core/Startup/startup_stm32f051k8tx.o
LOAD Drivers/STM32F0xx_HAL_Driver/Src/stm32f0xx_hal.o
LOAD Drivers/STM32F0xx_HAL_Driver/Src/stm32f0xx_hal_adc.o
LOAD Drivers/STM32F0xx_HAL_Driver/Src/stm32f0xx_hal_adc_ex.o
LOAD Drivers/STM32F0xx_HAL_Driver/Src/stm32f0xx_hal_cortex.o
LOAD Drivers/STM32F0xx_HAL_Driver/Src/stm32f0xx_hal_dma.o
LOAD Drivers/STM32F0xx_HAL_Driver/Src/stm32f0xx_hal_exti.o
LOAD Drivers/STM32F0xx_HAL_Driver/Src/stm32f0xx_hal_flash.o
LOAD Drivers/STM32F0xx_HAL_Driver/Src/stm32f0xx_hal_flash_ex.o
LOAD Drivers/STM32F0xx_HAL_Driver/Src/stm32f0xx_hal_gpio.o
LOAD Drivers/STM32F0xx_HAL_Driver/Src/stm32f0xx_hal_i2c.o
LOAD Drivers/STM32F0xx_HAL_Driver/Src/stm32f0xx_hal_i2c_ex.o
LOAD Drivers/STM32F0xx_HAL_Driver/Src/stm32f0xx_hal_pwr.o
LOAD Drivers/STM32F0xx_HAL_Driver/Src/stm32f0xx_hal_pwr_ex.o
LOAD Drivers/STM32F0xx_HAL_Driver/Src/stm32f0xx_hal_rcc.o
LOAD Drivers/STM32F0xx_HAL_Driver/Src/stm32f0xx_hal_rcc_ex.o
LOAD Drivers/STM32F0xx_HAL_Driver/Src/stm32f0xx_hal_tim.o
LOAD Drivers/STM32F0xx_HAL_Driver/Src/stm32f0xx_hal_tim_ex.o
START GROUP
LOAD /home/chris/st/stm32cubeide_1.2.0/plugins/com.st.stm32cube.ide.mcu.externaltools.gnu-tools-for-stm32.7-2018-q2-update.linux64_1.0.0.201904181610/tools/bin/../lib/gcc/arm-none-eabi/7.3.1/../../../../arm-none-eabi/lib/thumb/v6-m/libc_nano.a
LOAD /home/chris/st/stm32cubeide_1.2.0/plugins/com.st.stm32cube.ide.mcu.externaltools.gnu-tools-for-stm32.7-2018-q2-update.linux64_1.0.0.201904181610/tools/bin/../lib/gcc/arm-none-eabi/7.3.1/../../../../arm-none-eabi/lib/thumb/v6-m/libm.a
END GROUP
START GROUP
LOAD /home/chris/st/stm32cubeide_1.2.0/plugins/com.st.stm32cube.ide.mcu.externaltools.gnu-tools-for-stm32.7-2018-q2-update.linux64_1.0.0.201904181610/tools/bin/../lib/gcc/arm-none-eabi/7.3.1/thumb/v6-m/libgcc.a
LOAD /home/chris/st/stm32cubeide_1.2.0/plugins/com.st.stm32cube.ide.mcu.externaltools.gnu-tools-for-stm32.7-2018-q2-update.linux64_1.0.0.201904181610/tools/bin/../lib/gcc/arm-none-eabi/7.3.1/../../../../arm-none-eabi/lib/thumb/v6-m/libc_nano.a
END GROUP
START GROUP
LOAD /home/chris/st/stm32cubeide_1.2.0/plugins/com.st.stm32cube.ide.mcu.externaltools.gnu-tools-for-stm32.7-2018-q2-update.linux64_1.0.0.201904181610/tools/bin/../lib/gcc/arm-none-eabi/7.3.1/thumb/v6-m/libgcc.a
LOAD /home/chris/st/stm32cubeide_1.2.0/plugins/com.st.stm32cube.ide.mcu.externaltools.gnu-tools-for-stm32.7-2018-q2-update.linux64_1.0.0.201904181610/tools/bin/../lib/gcc/arm-none-eabi/7.3.1/../../../../arm-none-eabi/lib/thumb/v6-m/libc_nano.a
LOAD /home/chris/st/stm32cubeide_1.2.0/plugins/com.st.stm32cube.ide.mcu.externaltools.gnu-tools-for-stm32.7-2018-q2-update.linux64_1.0.0.201904181610/tools/bin/../lib/gcc/arm-none-eabi/7.3.1/../../../../arm-none-eabi/lib/thumb/v6-m/libnosys.a
END GROUP
START GROUP
LOAD /home/chris/st/stm32cubeide_1.2.0/plugins/com.st.stm32cube.ide.mcu.externaltools.gnu-tools-for-stm32.7-2018-q2-update.linux64_1.0.0.201904181610/tools/bin/../lib/gcc/arm-none-eabi/7.3.1/thumb/v6-m/libgcc.a
LOAD /home/chris/st/stm32cubeide_1.2.0/plugins/com.st.stm32cube.ide.mcu.externaltools.gnu-tools-for-stm32.7-2018-q2-update.linux64_1.0.0.201904181610/tools/bin/../lib/gcc/arm-none-eabi/7.3.1/../../../../arm-none-eabi/lib/thumb/v6-m/libc_nano.a
LOAD /home/chris/st/stm32cubeide_1.2.0/plugins/com.st.stm32cube.ide.mcu.externaltools.gnu-tools-for-stm32.7-2018-q2-update.linux64_1.0.0.201904181610/tools/bin/../lib/gcc/arm-none-eabi/7.3.1/../../../../arm-none-eabi/lib/thumb/v6-m/libnosys.a
END GROUP
LOAD /home/chris/st/stm32cubeide_1.2.0/plugins/com.st.stm32cube.ide.mcu.externaltools.gnu-tools-for-stm32.7-2018-q2-update.linux64_1.0.0.201904181610/tools/bin/../lib/gcc/arm-none-eabi/7.3.1/thumb/v6-m/crtend.o
LOAD /home/chris/st/stm32cubeide_1.2.0/plugins/com.st.stm32cube.ide.mcu.externaltools.gnu-tools-for-stm32.7-2018-q2-update.linux64_1.0.0.201904181610/tools/bin/../lib/gcc/arm-none-eabi/7.3.1/thumb/v6-m/crtn.o
                0x0000000020002000                _estack = (ORIGIN (RAM) + LENGTH (RAM))
                0x0000000000000200                _Min_Heap_Size = 0x200
                0x0000000000000400                _Min_Stack_Size = 0x400

.isr_vector     0x0000000008000000       0xc0
                0x0000000008000000                . = ALIGN (0x4)
 *(.isr_vector)
 .isr_vector    0x0000000008000000       0xc0 Core/Startup/startup_stm32f051k8tx.o
                0x0000000008000000                g_pfnVectors
                0x00000000080000c0                . = ALIGN (0x4)

.text           0x00000000080000c0     0x51a8
                0x00000000080000c0                . = ALIGN (0x4)
 *(.text)
 .text          0x00000000080000c0       0x48 /home/chris/st/stm32cubeide_1.2.0/plugins/com.st.stm32cube.ide.mcu.externaltools.gnu-tools-for-stm32.7-2018-q2-update.linux64_1.0.0.201904181610/tools/bin/../lib/gcc/arm-none-eabi/7.3.1/thumb/v6-m/crtbegin.o
 .text          0x0000000008000108      0x114 /home/chris/st/stm32cubeide_1.2.0/plugins/com.st.stm32cube.ide.mcu.externaltools.gnu-tools-for-stm32.7-2018-q2-update.linux64_1.0.0.201904181610/tools/bin/../lib/gcc/arm-none-eabi/7.3.1/thumb/v6-m/libgcc.a(_udivsi3.o)
                0x0000000008000108                __udivsi3
                0x0000000008000108                __aeabi_uidiv
                0x0000000008000214                __aeabi_uidivmod
 .text          0x000000000800021c        0x4 /home/chris/st/stm32cubeide_1.2.0/plugins/com.st.stm32cube.ide.mcu.externaltools.gnu-tools-for-stm32.7-2018-q2-update.linux64_1.0.0.201904181610/tools/bin/../lib/gcc/arm-none-eabi/7.3.1/thumb/v6-m/libgcc.a(_dvmd_tls.o)
                0x000000000800021c                __aeabi_ldiv0
                0x000000000800021c                __aeabi_idiv0
 .text          0x0000000008000220       0x7c /home/chris/st/stm32cubeide_1.2.0/plugins/com.st.stm32cube.ide.mcu.externaltools.gnu-tools-for-stm32.7-2018-q2-update.linux64_1.0.0.201904181610/tools/bin/../lib/gcc/arm-none-eabi/7.3.1/thumb/v6-m/libgcc.a(_arm_cmpdf2.o)
                0x0000000008000220                __aeabi_cdrcmple
                0x0000000008000230                __aeabi_cdcmple
                0x0000000008000230                __aeabi_cdcmpeq
                0x0000000008000240                __aeabi_dcmpeq
                0x000000000800024c                __aeabi_dcmplt
                0x0000000008000260                __aeabi_dcmple
                0x0000000008000274                __aeabi_dcmpgt
                0x0000000008000288                __aeabi_dcmpge
 .text          0x000000000800029c       0x3c /home/chris/st/stm32cubeide_1.2.0/plugins/com.st.stm32cube.ide.mcu.externaltools.gnu-tools-for-stm32.7-2018-q2-update.linux64_1.0.0.201904181610/tools/bin/../lib/gcc/arm-none-eabi/7.3.1/thumb/v6-m/libgcc.a(_fixunsdfsi.o)
                0x000000000800029c                __fixunsdfsi
                0x000000000800029c                __aeabi_d2uiz
 .text          0x00000000080002d8      0x638 /home/chris/st/stm32cubeide_1.2.0/plugins/com.st.stm32cube.ide.mcu.externaltools.gnu-tools-for-stm32.7-2018-q2-update.linux64_1.0.0.201904181610/tools/bin/../lib/gcc/arm-none-eabi/7.3.1/thumb/v6-m/libgcc.a(adddf3.o)
                0x00000000080002d8                __aeabi_dadd
 .text          0x0000000008000910      0x604 /home/chris/st/stm32cubeide_1.2.0/plugins/com.st.stm32cube.ide.mcu.externaltools.gnu-tools-for-stm32.7-2018-q2-update.linux64_1.0.0.201904181610/tools/bin/../lib/gcc/arm-none-eabi/7.3.1/thumb/v6-m/libgcc.a(divdf3.o)
                0x0000000008000910                __aeabi_ddiv
 .text          0x0000000008000f14       0x78 /home/chris/st/stm32cubeide_1.2.0/plugins/com.st.stm32cube.ide.mcu.externaltools.gnu-tools-for-stm32.7-2018-q2-update.linux64_1.0.0.201904181610/tools/bin/../lib/gcc/arm-none-eabi/7.3.1/thumb/v6-m/libgcc.a(eqdf2.o)
                0x0000000008000f14                __eqdf2
                0x0000000008000f14                __nedf2
 .text          0x0000000008000f8c       0xc8 /home/chris/st/stm32cubeide_1.2.0/plugins/com.st.stm32cube.ide.mcu.externaltools.gnu-tools-for-stm32.7-2018-q2-update.linux64_1.0.0.201904181610/tools/bin/../lib/gcc/arm-none-eabi/7.3.1/thumb/v6-m/libgcc.a(gedf2.o)
                0x0000000008000f8c                __gtdf2
                0x0000000008000f8c                __gedf2
 .text          0x0000000008001054       0xd0 /home/chris/st/stm32cubeide_1.2.0/plugins/com.st.stm32cube.ide.mcu.externaltools.gnu-tools-for-stm32.7-2018-q2-update.linux64_1.0.0.201904181610/tools/bin/../lib/gcc/arm-none-eabi/7.3.1/thumb/v6-m/libgcc.a(ledf2.o)
                0x0000000008001054                __ltdf2
                0x0000000008001054                __ledf2
 .text          0x0000000008001124      0x4e4 /home/chris/st/stm32cubeide_1.2.0/plugins/com.st.stm32cube.ide.mcu.externaltools.gnu-tools-for-stm32.7-2018-q2-update.linux64_1.0.0.201904181610/tools/bin/../lib/gcc/arm-none-eabi/7.3.1/thumb/v6-m/libgcc.a(muldf3.o)
                0x0000000008001124                __aeabi_dmul
 .text          0x0000000008001608      0x690 /home/chris/st/stm32cubeide_1.2.0/plugins/com.st.stm32cube.ide.mcu.externaltools.gnu-tools-for-stm32.7-2018-q2-update.linux64_1.0.0.201904181610/tools/bin/../lib/gcc/arm-none-eabi/7.3.1/thumb/v6-m/libgcc.a(subdf3.o)
                0x0000000008001608                __aeabi_dsub
 .text          0x0000000008001c98       0x38 /home/chris/st/stm32cubeide_1.2.0/plugins/com.st.stm32cube.ide.mcu.externaltools.gnu-tools-for-stm32.7-2018-q2-update.linux64_1.0.0.201904181610/tools/bin/../lib/gcc/arm-none-eabi/7.3.1/thumb/v6-m/libgcc.a(unorddf2.o)
                0x0000000008001c98                __aeabi_dcmpun
 .text          0x0000000008001cd0       0x6c /home/chris/st/stm32cubeide_1.2.0/plugins/com.st.stm32cube.ide.mcu.externaltools.gnu-tools-for-stm32.7-2018-q2-update.linux64_1.0.0.201904181610/tools/bin/../lib/gcc/arm-none-eabi/7.3.1/thumb/v6-m/libgcc.a(fixdfsi.o)
                0x0000000008001cd0                __aeabi_d2iz
 .text          0x0000000008001d3c       0x64 /home/chris/st/stm32cubeide_1.2.0/plugins/com.st.stm32cube.ide.mcu.externaltools.gnu-tools-for-stm32.7-2018-q2-update.linux64_1.0.0.201904181610/tools/bin/../lib/gcc/arm-none-eabi/7.3.1/thumb/v6-m/libgcc.a(floatunsidf.o)
                0x0000000008001d3c                __aeabi_ui2d
 .text          0x0000000008001da0       0x3c /home/chris/st/stm32cubeide_1.2.0/plugins/com.st.stm32cube.ide.mcu.externaltools.gnu-tools-for-stm32.7-2018-q2-update.linux64_1.0.0.201904181610/tools/bin/../lib/gcc/arm-none-eabi/7.3.1/thumb/v6-m/libgcc.a(_clzsi2.o)
                0x0000000008001da0                __clzsi2
 *(.text*)
 .text.MX_ADC_Init
                0x0000000008001ddc       0xb8 Core/Src/adc.o
                0x0000000008001ddc                MX_ADC_Init
 .text.HAL_ADC_MspInit
                0x0000000008001e94       0xe4 Core/Src/adc.o
                0x0000000008001e94                HAL_ADC_MspInit
 .text.MX_DMA_Init
                0x0000000008001f78       0x3c Core/Src/dma.o
                0x0000000008001f78                MX_DMA_Init
 .text.MX_GPIO_Init
                0x0000000008001fb4       0x4c Core/Src/gpio.o
                0x0000000008001fb4                MX_GPIO_Init
 .text.pwm_blink_test
                0x0000000008002000       0xd8 Core/Src/main.o
                0x0000000008002000                pwm_blink_test
 .text.main     0x00000000080020d8      0x14c Core/Src/main.o
                0x00000000080020d8                main
 .text.SystemClock_Config
                0x0000000008002224       0x8c Core/Src/main.o
                0x0000000008002224                SystemClock_Config
 .text.Error_Handler
                0x00000000080022b0        0xa Core/Src/main.o
                0x00000000080022b0                Error_Handler
 *fill*         0x00000000080022ba        0x2 
 .text.HAL_MspInit
                0x00000000080022bc       0x48 Core/Src/stm32f0xx_hal_msp.o
                0x00000000080022bc                HAL_MspInit
 .text.NMI_Handler
                0x0000000008002304        0xa Core/Src/stm32f0xx_it.o
                0x0000000008002304                NMI_Handler
 .text.HardFault_Handler
                0x000000000800230e        0x6 Core/Src/stm32f0xx_it.o
                0x000000000800230e                HardFault_Handler
 .text.SVC_Handler
                0x0000000008002314        0xa Core/Src/stm32f0xx_it.o
                0x0000000008002314                SVC_Handler
 .text.PendSV_Handler
                0x000000000800231e        0xa Core/Src/stm32f0xx_it.o
                0x000000000800231e                PendSV_Handler
 .text.SysTick_Handler
                0x0000000008002328        0xe Core/Src/stm32f0xx_it.o
                0x0000000008002328                SysTick_Handler
 *fill*         0x0000000008002336        0x2 
 .text.DMA1_Channel1_IRQHandler
                0x0000000008002338       0x18 Core/Src/stm32f0xx_it.o
                0x0000000008002338                DMA1_Channel1_IRQHandler
 .text.SystemInit
                0x0000000008002350        0xa Core/Src/system_stm32f0xx.o
                0x0000000008002350                SystemInit
 *fill*         0x000000000800235a        0x2 
 .text.MX_TIM1_Init
                0x000000000800235c      0x194 Core/Src/tim.o
                0x000000000800235c                MX_TIM1_Init
 .text.MX_TIM2_Init
                0x00000000080024f0       0xd0 Core/Src/tim.o
                0x00000000080024f0                MX_TIM2_Init
 .text.MX_TIM3_Init
                0x00000000080025c0       0xfc Core/Src/tim.o
                0x00000000080025c0                MX_TIM3_Init
 .text.HAL_TIM_Base_MspInit
                0x00000000080026bc       0x40 Core/Src/tim.o
                0x00000000080026bc                HAL_TIM_Base_MspInit
 .text.HAL_TIM_PWM_MspInit
                0x00000000080026fc       0x60 Core/Src/tim.o
                0x00000000080026fc                HAL_TIM_PWM_MspInit
 .text.HAL_TIM_MspPostInit
                0x000000000800275c      0x180 Core/Src/tim.o
                0x000000000800275c                HAL_TIM_MspPostInit
 .text.Reset_Handler
                0x00000000080028dc       0x50 Core/Startup/startup_stm32f051k8tx.o
                0x00000000080028dc                Reset_Handler
 .text.Default_Handler
                0x000000000800292c        0x2 Core/Startup/startup_stm32f051k8tx.o
                0x000000000800292c                TIM1_CC_IRQHandler
                0x000000000800292c                TSC_IRQHandler
                0x000000000800292c                ADC1_COMP_IRQHandler
                0x000000000800292c                PVD_IRQHandler
                0x000000000800292c                I2C1_IRQHandler
                0x000000000800292c                RCC_CRS_IRQHandler
                0x000000000800292c                SPI1_IRQHandler
                0x000000000800292c                TIM6_DAC_IRQHandler
                0x000000000800292c                EXTI2_3_IRQHandler
                0x000000000800292c                I2C2_IRQHandler
                0x000000000800292c                TIM17_IRQHandler
                0x000000000800292c                CEC_CAN_IRQHandler
                0x000000000800292c                RTC_IRQHandler
                0x000000000800292c                TIM16_IRQHandler
                0x000000000800292c                TIM3_IRQHandler
                0x000000000800292c                EXTI4_15_IRQHandler
                0x000000000800292c                Default_Handler
                0x000000000800292c                TIM14_IRQHandler
                0x000000000800292c                DMA1_Channel4_5_IRQHandler
                0x000000000800292c                TIM15_IRQHandler
                0x000000000800292c                EXTI0_1_IRQHandler
                0x000000000800292c                SPI2_IRQHandler
                0x000000000800292c                WWDG_IRQHandler
                0x000000000800292c                TIM2_IRQHandler
                0x000000000800292c                DMA1_Channel2_3_IRQHandler
                0x000000000800292c                USART2_IRQHandler
                0x000000000800292c                FLASH_IRQHandler
                0x000000000800292c                USART1_IRQHandler
                0x000000000800292c                TIM1_BRK_UP_TRG_COM_IRQHandler
 *fill*         0x000000000800292e        0x2 
 .text.HAL_Init
                0x0000000008002930       0x28 Drivers/STM32F0xx_HAL_Driver/Src/stm32f0xx_hal.o
                0x0000000008002930                HAL_Init
 .text.HAL_InitTick
                0x0000000008002958       0x68 Drivers/STM32F0xx_HAL_Driver/Src/stm32f0xx_hal.o
                0x0000000008002958                HAL_InitTick
 .text.HAL_IncTick
                0x00000000080029c0       0x24 Drivers/STM32F0xx_HAL_Driver/Src/stm32f0xx_hal.o
                0x00000000080029c0                HAL_IncTick
 .text.HAL_GetTick
                0x00000000080029e4       0x14 Drivers/STM32F0xx_HAL_Driver/Src/stm32f0xx_hal.o
                0x00000000080029e4                HAL_GetTick
 .text.HAL_Delay
                0x00000000080029f8       0x44 Drivers/STM32F0xx_HAL_Driver/Src/stm32f0xx_hal.o
                0x00000000080029f8                HAL_Delay
 .text.HAL_ADC_Init
                0x0000000008002a3c      0x280 Drivers/STM32F0xx_HAL_Driver/Src/stm32f0xx_hal_adc.o
                0x0000000008002a3c                HAL_ADC_Init
 .text.HAL_ADC_Start_DMA
                0x0000000008002cbc      0x104 Drivers/STM32F0xx_HAL_Driver/Src/stm32f0xx_hal_adc.o
                0x0000000008002cbc                HAL_ADC_Start_DMA
 .text.HAL_ADC_ConvCpltCallback
                0x0000000008002dc0       0x10 Drivers/STM32F0xx_HAL_Driver/Src/stm32f0xx_hal_adc.o
                0x0000000008002dc0                HAL_ADC_ConvCpltCallback
 .text.HAL_ADC_ConvHalfCpltCallback
                0x0000000008002dd0       0x10 Drivers/STM32F0xx_HAL_Driver/Src/stm32f0xx_hal_adc.o
                0x0000000008002dd0                HAL_ADC_ConvHalfCpltCallback
 .text.HAL_ADC_ErrorCallback
                0x0000000008002de0       0x10 Drivers/STM32F0xx_HAL_Driver/Src/stm32f0xx_hal_adc.o
                0x0000000008002de0                HAL_ADC_ErrorCallback
 .text.HAL_ADC_ConfigChannel
                0x0000000008002df0      0x21c Drivers/STM32F0xx_HAL_Driver/Src/stm32f0xx_hal_adc.o
                0x0000000008002df0                HAL_ADC_ConfigChannel
 .text.ADC_Enable
                0x000000000800300c       0xf8 Drivers/STM32F0xx_HAL_Driver/Src/stm32f0xx_hal_adc.o
 .text.ADC_DMAConvCplt
                0x0000000008003104       0xb4 Drivers/STM32F0xx_HAL_Driver/Src/stm32f0xx_hal_adc.o
 .text.ADC_DMAHalfConvCplt
                0x00000000080031b8       0x1e Drivers/STM32F0xx_HAL_Driver/Src/stm32f0xx_hal_adc.o
 .text.ADC_DMAError
                0x00000000080031d6       0x36 Drivers/STM32F0xx_HAL_Driver/Src/stm32f0xx_hal_adc.o
 .text.HAL_ADCEx_Calibration_Start
                0x000000000800320c      0x13c Drivers/STM32F0xx_HAL_Driver/Src/stm32f0xx_hal_adc_ex.o
                0x000000000800320c                HAL_ADCEx_Calibration_Start
 .text.__NVIC_EnableIRQ
                0x0000000008003348       0x34 Drivers/STM32F0xx_HAL_Driver/Src/stm32f0xx_hal_cortex.o
 .text.__NVIC_SetPriority
                0x000000000800337c       0xdc Drivers/STM32F0xx_HAL_Driver/Src/stm32f0xx_hal_cortex.o
 .text.SysTick_Config
                0x0000000008003458       0x48 Drivers/STM32F0xx_HAL_Driver/Src/stm32f0xx_hal_cortex.o
 .text.HAL_NVIC_SetPriority
                0x00000000080034a0       0x2a Drivers/STM32F0xx_HAL_Driver/Src/stm32f0xx_hal_cortex.o
                0x00000000080034a0                HAL_NVIC_SetPriority
 .text.HAL_NVIC_EnableIRQ
                0x00000000080034ca       0x20 Drivers/STM32F0xx_HAL_Driver/Src/stm32f0xx_hal_cortex.o
                0x00000000080034ca                HAL_NVIC_EnableIRQ
 .text.HAL_SYSTICK_Config
                0x00000000080034ea       0x1a Drivers/STM32F0xx_HAL_Driver/Src/stm32f0xx_hal_cortex.o
                0x00000000080034ea                HAL_SYSTICK_Config
 .text.HAL_DMA_Init
                0x0000000008003504       0x90 Drivers/STM32F0xx_HAL_Driver/Src/stm32f0xx_hal_dma.o
                0x0000000008003504                HAL_DMA_Init
 .text.HAL_DMA_Start_IT
                0x0000000008003594       0xcc Drivers/STM32F0xx_HAL_Driver/Src/stm32f0xx_hal_dma.o
                0x0000000008003594                HAL_DMA_Start_IT
 .text.HAL_DMA_IRQHandler
                0x0000000008003660      0x144 Drivers/STM32F0xx_HAL_Driver/Src/stm32f0xx_hal_dma.o
                0x0000000008003660                HAL_DMA_IRQHandler
 .text.DMA_SetConfig
                0x00000000080037a4       0x58 Drivers/STM32F0xx_HAL_Driver/Src/stm32f0xx_hal_dma.o
 .text.DMA_CalcBaseAndBitshift
                0x00000000080037fc       0x38 Drivers/STM32F0xx_HAL_Driver/Src/stm32f0xx_hal_dma.o
 .text.HAL_GPIO_Init
                0x0000000008003834      0x2e0 Drivers/STM32F0xx_HAL_Driver/Src/stm32f0xx_hal_gpio.o
                0x0000000008003834                HAL_GPIO_Init
 .text.HAL_RCC_OscConfig
                0x0000000008003b14      0x638 Drivers/STM32F0xx_HAL_Driver/Src/stm32f0xx_hal_rcc.o
                0x0000000008003b14                HAL_RCC_OscConfig
 .text.HAL_RCC_ClockConfig
                0x000000000800414c      0x19c Drivers/STM32F0xx_HAL_Driver/Src/stm32f0xx_hal_rcc.o
                0x000000000800414c                HAL_RCC_ClockConfig
 .text.HAL_RCC_GetSysClockFreq
                0x00000000080042e8       0xc8 Drivers/STM32F0xx_HAL_Driver/Src/stm32f0xx_hal_rcc.o
                0x00000000080042e8                HAL_RCC_GetSysClockFreq
 .text.HAL_TIM_Base_Init
                0x00000000080043b0       0x58 Drivers/STM32F0xx_HAL_Driver/Src/stm32f0xx_hal_tim.o
                0x00000000080043b0                HAL_TIM_Base_Init
 .text.HAL_TIM_PWM_Init
                0x0000000008004408       0x58 Drivers/STM32F0xx_HAL_Driver/Src/stm32f0xx_hal_tim.o
                0x0000000008004408                HAL_TIM_PWM_Init
 .text.HAL_TIM_PWM_Start
                0x0000000008004460       0x98 Drivers/STM32F0xx_HAL_Driver/Src/stm32f0xx_hal_tim.o
                0x0000000008004460                HAL_TIM_PWM_Start
 .text.HAL_TIM_PWM_ConfigChannel
                0x00000000080044f8      0x170 Drivers/STM32F0xx_HAL_Driver/Src/stm32f0xx_hal_tim.o
                0x00000000080044f8                HAL_TIM_PWM_ConfigChannel
 .text.HAL_TIM_ConfigClockSource
                0x0000000008004668      0x17c Drivers/STM32F0xx_HAL_Driver/Src/stm32f0xx_hal_tim.o
                0x0000000008004668                HAL_TIM_ConfigClockSource
 .text.TIM_Base_SetConfig
                0x00000000080047e4      0x100 Drivers/STM32F0xx_HAL_Driver/Src/stm32f0xx_hal_tim.o
                0x00000000080047e4                TIM_Base_SetConfig
 .text.TIM_OC1_SetConfig
                0x00000000080048e4      0x110 Drivers/STM32F0xx_HAL_Driver/Src/stm32f0xx_hal_tim.o
 .text.TIM_OC2_SetConfig
                0x00000000080049f4      0x108 Drivers/STM32F0xx_HAL_Driver/Src/stm32f0xx_hal_tim.o
                0x00000000080049f4                TIM_OC2_SetConfig
 .text.TIM_OC3_SetConfig
                0x0000000008004afc      0x10c Drivers/STM32F0xx_HAL_Driver/Src/stm32f0xx_hal_tim.o
 .text.TIM_OC4_SetConfig
                0x0000000008004c08       0xd4 Drivers/STM32F0xx_HAL_Driver/Src/stm32f0xx_hal_tim.o
 .text.TIM_TI1_ConfigInputStage
                0x0000000008004cdc       0x5c Drivers/STM32F0xx_HAL_Driver/Src/stm32f0xx_hal_tim.o
 .text.TIM_TI2_ConfigInputStage
                0x0000000008004d38       0x64 Drivers/STM32F0xx_HAL_Driver/Src/stm32f0xx_hal_tim.o
 .text.TIM_ITRx_SetConfig
                0x0000000008004d9c       0x32 Drivers/STM32F0xx_HAL_Driver/Src/stm32f0xx_hal_tim.o
 *fill*         0x0000000008004dce        0x2 
 .text.TIM_ETR_SetConfig
                0x0000000008004dd0       0x40 Drivers/STM32F0xx_HAL_Driver/Src/stm32f0xx_hal_tim.o
                0x0000000008004dd0                TIM_ETR_SetConfig
 .text.TIM_CCxChannelCmd
                0x0000000008004e10       0x46 Drivers/STM32F0xx_HAL_Driver/Src/stm32f0xx_hal_tim.o
                0x0000000008004e10                TIM_CCxChannelCmd
 *fill*         0x0000000008004e56        0x2 
 .text.HAL_TIMEx_MasterConfigSynchronization
                0x0000000008004e58       0xbc Drivers/STM32F0xx_HAL_Driver/Src/stm32f0xx_hal_tim_ex.o
                0x0000000008004e58                HAL_TIMEx_MasterConfigSynchronization
 .text.HAL_TIMEx_ConfigBreakDeadTime
                0x0000000008004f14       0xbc Drivers/STM32F0xx_HAL_Driver/Src/stm32f0xx_hal_tim_ex.o
                0x0000000008004f14                HAL_TIMEx_ConfigBreakDeadTime
 .text.__errno  0x0000000008004fd0        0xc /home/chris/st/stm32cubeide_1.2.0/plugins/com.st.stm32cube.ide.mcu.externaltools.gnu-tools-for-stm32.7-2018-q2-update.linux64_1.0.0.201904181610/tools/bin/../lib/gcc/arm-none-eabi/7.3.1/../../../../arm-none-eabi/lib/thumb/v6-m/libc_nano.a(lib_a-errno.o)
                0x0000000008004fd0                __errno
 .text.__libc_init_array
                0x0000000008004fdc       0x48 /home/chris/st/stm32cubeide_1.2.0/plugins/com.st.stm32cube.ide.mcu.externaltools.gnu-tools-for-stm32.7-2018-q2-update.linux64_1.0.0.201904181610/tools/bin/../lib/gcc/arm-none-eabi/7.3.1/../../../../arm-none-eabi/lib/thumb/v6-m/libc_nano.a(lib_a-init.o)
                0x0000000008004fdc                __libc_init_array
 .text.memset   0x0000000008005024       0x10 /home/chris/st/stm32cubeide_1.2.0/plugins/com.st.stm32cube.ide.mcu.externaltools.gnu-tools-for-stm32.7-2018-q2-update.linux64_1.0.0.201904181610/tools/bin/../lib/gcc/arm-none-eabi/7.3.1/../../../../arm-none-eabi/lib/thumb/v6-m/libc_nano.a(lib_a-memset.o)
                0x0000000008005024                memset
 .text.sqrt     0x0000000008005034       0xb4 /home/chris/st/stm32cubeide_1.2.0/plugins/com.st.stm32cube.ide.mcu.externaltools.gnu-tools-for-stm32.7-2018-q2-update.linux64_1.0.0.201904181610/tools/bin/../lib/gcc/arm-none-eabi/7.3.1/../../../../arm-none-eabi/lib/thumb/v6-m/libm.a(lib_a-w_sqrt.o)
                0x0000000008005034                sqrt
 .text.__ieee754_sqrt
                0x00000000080050e8      0x164 /home/chris/st/stm32cubeide_1.2.0/plugins/com.st.stm32cube.ide.mcu.externaltools.gnu-tools-for-stm32.7-2018-q2-update.linux64_1.0.0.201904181610/tools/bin/../lib/gcc/arm-none-eabi/7.3.1/../../../../arm-none-eabi/lib/thumb/v6-m/libm.a(lib_a-e_sqrt.o)
                0x00000000080050e8                __ieee754_sqrt
 .text.matherr  0x000000000800524c        0x4 /home/chris/st/stm32cubeide_1.2.0/plugins/com.st.stm32cube.ide.mcu.externaltools.gnu-tools-for-stm32.7-2018-q2-update.linux64_1.0.0.201904181610/tools/bin/../lib/gcc/arm-none-eabi/7.3.1/../../../../arm-none-eabi/lib/thumb/v6-m/libm.a(lib_a-s_matherr.o)
                0x000000000800524c                matherr
 *(.glue_7)
 .glue_7        0x0000000008005250        0x0 linker stubs
 *(.glue_7t)
 .glue_7t       0x0000000008005250        0x0 linker stubs
 *(.eh_frame)
 .eh_frame      0x0000000008005250        0x0 /home/chris/st/stm32cubeide_1.2.0/plugins/com.st.stm32cube.ide.mcu.externaltools.gnu-tools-for-stm32.7-2018-q2-update.linux64_1.0.0.201904181610/tools/bin/../lib/gcc/arm-none-eabi/7.3.1/thumb/v6-m/crtbegin.o
 *(.init)
 .init          0x0000000008005250        0x4 /home/chris/st/stm32cubeide_1.2.0/plugins/com.st.stm32cube.ide.mcu.externaltools.gnu-tools-for-stm32.7-2018-q2-update.linux64_1.0.0.201904181610/tools/bin/../lib/gcc/arm-none-eabi/7.3.1/thumb/v6-m/crti.o
                0x0000000008005250                _init
 .init          0x0000000008005254        0x8 /home/chris/st/stm32cubeide_1.2.0/plugins/com.st.stm32cube.ide.mcu.externaltools.gnu-tools-for-stm32.7-2018-q2-update.linux64_1.0.0.201904181610/tools/bin/../lib/gcc/arm-none-eabi/7.3.1/thumb/v6-m/crtn.o
 *(.fini)
 .fini          0x000000000800525c        0x4 /home/chris/st/stm32cubeide_1.2.0/plugins/com.st.stm32cube.ide.mcu.externaltools.gnu-tools-for-stm32.7-2018-q2-update.linux64_1.0.0.201904181610/tools/bin/../lib/gcc/arm-none-eabi/7.3.1/thumb/v6-m/crti.o
                0x000000000800525c                _fini
 .fini          0x0000000008005260        0x8 /home/chris/st/stm32cubeide_1.2.0/plugins/com.st.stm32cube.ide.mcu.externaltools.gnu-tools-for-stm32.7-2018-q2-update.linux64_1.0.0.201904181610/tools/bin/../lib/gcc/arm-none-eabi/7.3.1/thumb/v6-m/crtn.o
                0x0000000008005268                . = ALIGN (0x4)
                0x0000000008005268                _etext = .

.vfp11_veneer   0x0000000008005268        0x0
 .vfp11_veneer  0x0000000008005268        0x0 linker stubs

.v4_bx          0x0000000008005268        0x0
 .v4_bx         0x0000000008005268        0x0 linker stubs

.iplt           0x0000000008005268        0x0
 .iplt          0x0000000008005268        0x0 /home/chris/st/stm32cubeide_1.2.0/plugins/com.st.stm32cube.ide.mcu.externaltools.gnu-tools-for-stm32.7-2018-q2-update.linux64_1.0.0.201904181610/tools/bin/../lib/gcc/arm-none-eabi/7.3.1/thumb/v6-m/crtbegin.o

.rodata         0x0000000008005268       0xb8
                0x0000000008005268                . = ALIGN (0x4)
 *(.rodata)
 .rodata        0x0000000008005268       0x20 Drivers/STM32F0xx_HAL_Driver/Src/stm32f0xx_hal_rcc.o
 .rodata        0x0000000008005288       0x40 /home/chris/st/stm32cubeide_1.2.0/plugins/com.st.stm32cube.ide.mcu.externaltools.gnu-tools-for-stm32.7-2018-q2-update.linux64_1.0.0.201904181610/tools/bin/../lib/gcc/arm-none-eabi/7.3.1/thumb/v6-m/libgcc.a(divdf3.o)
 .rodata        0x00000000080052c8       0x40 /home/chris/st/stm32cubeide_1.2.0/plugins/com.st.stm32cube.ide.mcu.externaltools.gnu-tools-for-stm32.7-2018-q2-update.linux64_1.0.0.201904181610/tools/bin/../lib/gcc/arm-none-eabi/7.3.1/thumb/v6-m/libgcc.a(muldf3.o)
 *(.rodata*)
 .rodata.AHBPrescTable
                0x0000000008005308       0x10 Core/Src/system_stm32f0xx.o
                0x0000000008005308                AHBPrescTable
 .rodata.sqrt.str1.1
                0x0000000008005318        0x5 /home/chris/st/stm32cubeide_1.2.0/plugins/com.st.stm32cube.ide.mcu.externaltools.gnu-tools-for-stm32.7-2018-q2-update.linux64_1.0.0.201904181610/tools/bin/../lib/gcc/arm-none-eabi/7.3.1/../../../../arm-none-eabi/lib/thumb/v6-m/libm.a(lib_a-w_sqrt.o)
                0x0000000008005320                . = ALIGN (0x4)
 *fill*         0x000000000800531d        0x3 

.rel.dyn        0x0000000008005320        0x0
 .rel.iplt      0x0000000008005320        0x0 /home/chris/st/stm32cubeide_1.2.0/plugins/com.st.stm32cube.ide.mcu.externaltools.gnu-tools-for-stm32.7-2018-q2-update.linux64_1.0.0.201904181610/tools/bin/../lib/gcc/arm-none-eabi/7.3.1/thumb/v6-m/crtbegin.o

.ARM.extab      0x0000000008005320        0x0
                0x0000000008005320                . = ALIGN (0x4)
 *(.ARM.extab* .gnu.linkonce.armextab.*)
                0x0000000008005320                . = ALIGN (0x4)

.ARM            0x0000000008005320        0x0
                0x0000000008005320                . = ALIGN (0x4)
                0x0000000008005320                __exidx_start = .
 *(.ARM.exidx*)
                0x0000000008005320                __exidx_end = .
                0x0000000008005320                . = ALIGN (0x4)

.preinit_array  0x0000000008005320        0x0
                0x0000000008005320                . = ALIGN (0x4)
                0x0000000008005320                PROVIDE (__preinit_array_start = .)
 *(.preinit_array*)
                0x0000000008005320                PROVIDE (__preinit_array_end = .)
                0x0000000008005320                . = ALIGN (0x4)

.init_array     0x0000000008005320        0x4
                0x0000000008005320                . = ALIGN (0x4)
                0x0000000008005320                PROVIDE (__init_array_start = .)
 *(SORT_BY_NAME(.init_array.*))
 *(.init_array*)
 .init_array    0x0000000008005320        0x4 /home/chris/st/stm32cubeide_1.2.0/plugins/com.st.stm32cube.ide.mcu.externaltools.gnu-tools-for-stm32.7-2018-q2-update.linux64_1.0.0.201904181610/tools/bin/../lib/gcc/arm-none-eabi/7.3.1/thumb/v6-m/crtbegin.o
                0x0000000008005324                PROVIDE (__init_array_end = .)
                0x0000000008005324                . = ALIGN (0x4)

.fini_array     0x0000000008005324        0x4
                0x0000000008005324                . = ALIGN (0x4)
                [!provide]                        PROVIDE (__fini_array_start = .)
 *(SORT_BY_NAME(.fini_array.*))
 *(.fini_array*)
 .fini_array    0x0000000008005324        0x4 /home/chris/st/stm32cubeide_1.2.0/plugins/com.st.stm32cube.ide.mcu.externaltools.gnu-tools-for-stm32.7-2018-q2-update.linux64_1.0.0.201904181610/tools/bin/../lib/gcc/arm-none-eabi/7.3.1/thumb/v6-m/crtbegin.o
                [!provide]                        PROVIDE (__fini_array_end = .)
                0x0000000008005328                . = ALIGN (0x4)
                0x0000000008005328                _sidata = LOADADDR (.data)

.data           0x0000000020000000       0x7c load address 0x0000000008005328
                0x0000000020000000                . = ALIGN (0x4)
                0x0000000020000000                _sdata = .
 *(.data)
 *(.data*)
 .data.pwm_arr  0x0000000020000000        0x4 Core/Src/main.o
                0x0000000020000000                pwm_arr
 .data.pwm_delay
                0x0000000020000004        0x4 Core/Src/main.o
                0x0000000020000004                pwm_delay
 .data.SystemCoreClock
                0x0000000020000008        0x4 Core/Src/system_stm32f0xx.o
                0x0000000020000008                SystemCoreClock
 .data.uwTickPrio
                0x000000002000000c        0x4 Drivers/STM32F0xx_HAL_Driver/Src/stm32f0xx_hal.o
                0x000000002000000c                uwTickPrio
 .data.uwTickFreq
                0x0000000020000010        0x1 Drivers/STM32F0xx_HAL_Driver/Src/stm32f0xx_hal.o
                0x0000000020000010                uwTickFreq
 *fill*         0x0000000020000011        0x3 
 .data._impure_ptr
                0x0000000020000014        0x4 /home/chris/st/stm32cubeide_1.2.0/plugins/com.st.stm32cube.ide.mcu.externaltools.gnu-tools-for-stm32.7-2018-q2-update.linux64_1.0.0.201904181610/tools/bin/../lib/gcc/arm-none-eabi/7.3.1/../../../../arm-none-eabi/lib/thumb/v6-m/libc_nano.a(lib_a-impure.o)
                0x0000000020000014                _impure_ptr
 .data.impure_data
                0x0000000020000018       0x60 /home/chris/st/stm32cubeide_1.2.0/plugins/com.st.stm32cube.ide.mcu.externaltools.gnu-tools-for-stm32.7-2018-q2-update.linux64_1.0.0.201904181610/tools/bin/../lib/gcc/arm-none-eabi/7.3.1/../../../../arm-none-eabi/lib/thumb/v6-m/libc_nano.a(lib_a-impure.o)
 .data.__fdlib_version
                0x0000000020000078        0x1 /home/chris/st/stm32cubeide_1.2.0/plugins/com.st.stm32cube.ide.mcu.externaltools.gnu-tools-for-stm32.7-2018-q2-update.linux64_1.0.0.201904181610/tools/bin/../lib/gcc/arm-none-eabi/7.3.1/../../../../arm-none-eabi/lib/thumb/v6-m/libm.a(lib_a-s_lib_ver.o)
                0x0000000020000078                __fdlib_version
                0x000000002000007c                . = ALIGN (0x4)
 *fill*         0x0000000020000079        0x3 
                0x000000002000007c                _edata = .

.igot.plt       0x000000002000007c        0x0 load address 0x00000000080053a4
 .igot.plt      0x000000002000007c        0x0 /home/chris/st/stm32cubeide_1.2.0/plugins/com.st.stm32cube.ide.mcu.externaltools.gnu-tools-for-stm32.7-2018-q2-update.linux64_1.0.0.201904181610/tools/bin/../lib/gcc/arm-none-eabi/7.3.1/thumb/v6-m/crtbegin.o
                0x000000002000007c                . = ALIGN (0x4)

.bss            0x000000002000007c      0x264 load address 0x00000000080053a4
                0x000000002000007c                _sbss = .
                0x000000002000007c                __bss_start__ = _sbss
 *(.bss)
 .bss           0x000000002000007c       0x1c /home/chris/st/stm32cubeide_1.2.0/plugins/com.st.stm32cube.ide.mcu.externaltools.gnu-tools-for-stm32.7-2018-q2-update.linux64_1.0.0.201904181610/tools/bin/../lib/gcc/arm-none-eabi/7.3.1/thumb/v6-m/crtbegin.o
 *(.bss*)
 *(COMMON)
 COMMON         0x0000000020000098       0x84 Core/Src/adc.o
                0x0000000020000098                hdma_adc
                0x00000000200000dc                hadc
 COMMON         0x000000002000011c      0x100 Core/Src/main.o
                0x000000002000011c                adc_data_in
 COMMON         0x000000002000021c       0xc0 Core/Src/tim.o
                0x000000002000021c                htim3
                0x000000002000025c                htim1
                0x000000002000029c                htim2
 COMMON         0x00000000200002dc        0x4 Drivers/STM32F0xx_HAL_Driver/Src/stm32f0xx_hal.o
                0x00000000200002dc                uwTick
                0x00000000200002e0                . = ALIGN (0x4)
                0x00000000200002e0                _ebss = .
                0x00000000200002e0                __bss_end__ = _ebss

._user_heap_stack
                0x00000000200002e0      0x600 load address 0x00000000080053a4
                0x00000000200002e0                . = ALIGN (0x8)
                0x00000000200002e0                PROVIDE (end = .)
                [!provide]                        PROVIDE (_end = .)
                0x00000000200004e0                . = (. + _Min_Heap_Size)
 *fill*         0x00000000200002e0      0x200 
                0x00000000200008e0                . = (. + _Min_Stack_Size)
 *fill*         0x00000000200004e0      0x400 
                0x00000000200008e0                . = ALIGN (0x8)

/DISCARD/
 libc.a(*)
 libm.a(*)
 libgcc.a(*)

.ARM.attributes
                0x0000000000000000       0x28
 *(.ARM.attributes)
 .ARM.attributes
                0x0000000000000000       0x1e /home/chris/st/stm32cubeide_1.2.0/plugins/com.st.stm32cube.ide.mcu.externaltools.gnu-tools-for-stm32.7-2018-q2-update.linux64_1.0.0.201904181610/tools/bin/../lib/gcc/arm-none-eabi/7.3.1/thumb/v6-m/crti.o
 .ARM.attributes
                0x000000000000001e       0x2c /home/chris/st/stm32cubeide_1.2.0/plugins/com.st.stm32cube.ide.mcu.externaltools.gnu-tools-for-stm32.7-2018-q2-update.linux64_1.0.0.201904181610/tools/bin/../lib/gcc/arm-none-eabi/7.3.1/thumb/v6-m/crtbegin.o
 .ARM.attributes
                0x000000000000004a       0x31 Core/Src/adc.o
 .ARM.attributes
                0x000000000000007b       0x31 Core/Src/dma.o
 .ARM.attributes
                0x00000000000000ac       0x31 Core/Src/gpio.o
 .ARM.attributes
                0x00000000000000dd       0x31 Core/Src/main.o
 .ARM.attributes
                0x000000000000010e       0x31 Core/Src/stm32f0xx_hal_msp.o
 .ARM.attributes
                0x000000000000013f       0x31 Core/Src/stm32f0xx_it.o
 .ARM.attributes
                0x0000000000000170       0x31 Core/Src/system_stm32f0xx.o
 .ARM.attributes
                0x00000000000001a1       0x31 Core/Src/tim.o
 .ARM.attributes
                0x00000000000001d2       0x21 Core/Startup/startup_stm32f051k8tx.o
 .ARM.attributes
                0x00000000000001f3       0x31 Drivers/STM32F0xx_HAL_Driver/Src/stm32f0xx_hal.o
 .ARM.attributes
                0x0000000000000224       0x31 Drivers/STM32F0xx_HAL_Driver/Src/stm32f0xx_hal_adc.o
 .ARM.attributes
                0x0000000000000255       0x31 Drivers/STM32F0xx_HAL_Driver/Src/stm32f0xx_hal_adc_ex.o
 .ARM.attributes
                0x0000000000000286       0x31 Drivers/STM32F0xx_HAL_Driver/Src/stm32f0xx_hal_cortex.o
 .ARM.attributes
                0x00000000000002b7       0x31 Drivers/STM32F0xx_HAL_Driver/Src/stm32f0xx_hal_dma.o
 .ARM.attributes
                0x00000000000002e8       0x31 Drivers/STM32F0xx_HAL_Driver/Src/stm32f0xx_hal_gpio.o
 .ARM.attributes
                0x0000000000000319       0x31 Drivers/STM32F0xx_HAL_Driver/Src/stm32f0xx_hal_rcc.o
 .ARM.attributes
                0x000000000000034a       0x31 Drivers/STM32F0xx_HAL_Driver/Src/stm32f0xx_hal_tim.o
 .ARM.attributes
                0x000000000000037b       0x31 Drivers/STM32F0xx_HAL_Driver/Src/stm32f0xx_hal_tim_ex.o
 .ARM.attributes
                0x00000000000003ac       0x2c /home/chris/st/stm32cubeide_1.2.0/plugins/com.st.stm32cube.ide.mcu.externaltools.gnu-tools-for-stm32.7-2018-q2-update.linux64_1.0.0.201904181610/tools/bin/../lib/gcc/arm-none-eabi/7.3.1/../../../../arm-none-eabi/lib/thumb/v6-m/libc_nano.a(lib_a-errno.o)
 .ARM.attributes
                0x00000000000003d8       0x2c /home/chris/st/stm32cubeide_1.2.0/plugins/com.st.stm32cube.ide.mcu.externaltools.gnu-tools-for-stm32.7-2018-q2-update.linux64_1.0.0.201904181610/tools/bin/../lib/gcc/arm-none-eabi/7.3.1/../../../../arm-none-eabi/lib/thumb/v6-m/libc_nano.a(lib_a-impure.o)
 .ARM.attributes
                0x0000000000000404       0x2c /home/chris/st/stm32cubeide_1.2.0/plugins/com.st.stm32cube.ide.mcu.externaltools.gnu-tools-for-stm32.7-2018-q2-update.linux64_1.0.0.201904181610/tools/bin/../lib/gcc/arm-none-eabi/7.3.1/../../../../arm-none-eabi/lib/thumb/v6-m/libc_nano.a(lib_a-init.o)
 .ARM.attributes
                0x0000000000000430       0x2c /home/chris/st/stm32cubeide_1.2.0/plugins/com.st.stm32cube.ide.mcu.externaltools.gnu-tools-for-stm32.7-2018-q2-update.linux64_1.0.0.201904181610/tools/bin/../lib/gcc/arm-none-eabi/7.3.1/../../../../arm-none-eabi/lib/thumb/v6-m/libc_nano.a(lib_a-memset.o)
 .ARM.attributes
                0x000000000000045c       0x2c /home/chris/st/stm32cubeide_1.2.0/plugins/com.st.stm32cube.ide.mcu.externaltools.gnu-tools-for-stm32.7-2018-q2-update.linux64_1.0.0.201904181610/tools/bin/../lib/gcc/arm-none-eabi/7.3.1/../../../../arm-none-eabi/lib/thumb/v6-m/libm.a(lib_a-w_sqrt.o)
 .ARM.attributes
                0x0000000000000488       0x2c /home/chris/st/stm32cubeide_1.2.0/plugins/com.st.stm32cube.ide.mcu.externaltools.gnu-tools-for-stm32.7-2018-q2-update.linux64_1.0.0.201904181610/tools/bin/../lib/gcc/arm-none-eabi/7.3.1/../../../../arm-none-eabi/lib/thumb/v6-m/libm.a(lib_a-e_sqrt.o)
 .ARM.attributes
                0x00000000000004b4       0x2c /home/chris/st/stm32cubeide_1.2.0/plugins/com.st.stm32cube.ide.mcu.externaltools.gnu-tools-for-stm32.7-2018-q2-update.linux64_1.0.0.201904181610/tools/bin/../lib/gcc/arm-none-eabi/7.3.1/../../../../arm-none-eabi/lib/thumb/v6-m/libm.a(lib_a-s_lib_ver.o)
 .ARM.attributes
                0x00000000000004e0       0x2c /home/chris/st/stm32cubeide_1.2.0/plugins/com.st.stm32cube.ide.mcu.externaltools.gnu-tools-for-stm32.7-2018-q2-update.linux64_1.0.0.201904181610/tools/bin/../lib/gcc/arm-none-eabi/7.3.1/../../../../arm-none-eabi/lib/thumb/v6-m/libm.a(lib_a-s_matherr.o)
 .ARM.attributes
                0x000000000000050c       0x1e /home/chris/st/stm32cubeide_1.2.0/plugins/com.st.stm32cube.ide.mcu.externaltools.gnu-tools-for-stm32.7-2018-q2-update.linux64_1.0.0.201904181610/tools/bin/../lib/gcc/arm-none-eabi/7.3.1/thumb/v6-m/libgcc.a(_udivsi3.o)
 .ARM.attributes
                0x000000000000052a       0x1e /home/chris/st/stm32cubeide_1.2.0/plugins/com.st.stm32cube.ide.mcu.externaltools.gnu-tools-for-stm32.7-2018-q2-update.linux64_1.0.0.201904181610/tools/bin/../lib/gcc/arm-none-eabi/7.3.1/thumb/v6-m/libgcc.a(_dvmd_tls.o)
 .ARM.attributes
                0x0000000000000548       0x1e /home/chris/st/stm32cubeide_1.2.0/plugins/com.st.stm32cube.ide.mcu.externaltools.gnu-tools-for-stm32.7-2018-q2-update.linux64_1.0.0.201904181610/tools/bin/../lib/gcc/arm-none-eabi/7.3.1/thumb/v6-m/libgcc.a(_arm_cmpdf2.o)
 .ARM.attributes
                0x0000000000000566       0x2c /home/chris/st/stm32cubeide_1.2.0/plugins/com.st.stm32cube.ide.mcu.externaltools.gnu-tools-for-stm32.7-2018-q2-update.linux64_1.0.0.201904181610/tools/bin/../lib/gcc/arm-none-eabi/7.3.1/thumb/v6-m/libgcc.a(_fixunsdfsi.o)
 .ARM.attributes
                0x0000000000000592       0x2c /home/chris/st/stm32cubeide_1.2.0/plugins/com.st.stm32cube.ide.mcu.externaltools.gnu-tools-for-stm32.7-2018-q2-update.linux64_1.0.0.201904181610/tools/bin/../lib/gcc/arm-none-eabi/7.3.1/thumb/v6-m/libgcc.a(adddf3.o)
 .ARM.attributes
                0x00000000000005be       0x2c /home/chris/st/stm32cubeide_1.2.0/plugins/com.st.stm32cube.ide.mcu.externaltools.gnu-tools-for-stm32.7-2018-q2-update.linux64_1.0.0.201904181610/tools/bin/../lib/gcc/arm-none-eabi/7.3.1/thumb/v6-m/libgcc.a(divdf3.o)
 .ARM.attributes
                0x00000000000005ea       0x2c /home/chris/st/stm32cubeide_1.2.0/plugins/com.st.stm32cube.ide.mcu.externaltools.gnu-tools-for-stm32.7-2018-q2-update.linux64_1.0.0.201904181610/tools/bin/../lib/gcc/arm-none-eabi/7.3.1/thumb/v6-m/libgcc.a(eqdf2.o)
 .ARM.attributes
                0x0000000000000616       0x2c /home/chris/st/stm32cubeide_1.2.0/plugins/com.st.stm32cube.ide.mcu.externaltools.gnu-tools-for-stm32.7-2018-q2-update.linux64_1.0.0.201904181610/tools/bin/../lib/gcc/arm-none-eabi/7.3.1/thumb/v6-m/libgcc.a(gedf2.o)
 .ARM.attributes
                0x0000000000000642       0x2c /home/chris/st/stm32cubeide_1.2.0/plugins/com.st.stm32cube.ide.mcu.externaltools.gnu-tools-for-stm32.7-2018-q2-update.linux64_1.0.0.201904181610/tools/bin/../lib/gcc/arm-none-eabi/7.3.1/thumb/v6-m/libgcc.a(ledf2.o)
 .ARM.attributes
                0x000000000000066e       0x2c /home/chris/st/stm32cubeide_1.2.0/plugins/com.st.stm32cube.ide.mcu.externaltools.gnu-tools-for-stm32.7-2018-q2-update.linux64_1.0.0.201904181610/tools/bin/../lib/gcc/arm-none-eabi/7.3.1/thumb/v6-m/libgcc.a(muldf3.o)
 .ARM.attributes
                0x000000000000069a       0x2c /home/chris/st/stm32cubeide_1.2.0/plugins/com.st.stm32cube.ide.mcu.externaltools.gnu-tools-for-stm32.7-2018-q2-update.linux64_1.0.0.201904181610/tools/bin/../lib/gcc/arm-none-eabi/7.3.1/thumb/v6-m/libgcc.a(subdf3.o)
 .ARM.attributes
                0x00000000000006c6       0x2c /home/chris/st/stm32cubeide_1.2.0/plugins/com.st.stm32cube.ide.mcu.externaltools.gnu-tools-for-stm32.7-2018-q2-update.linux64_1.0.0.201904181610/tools/bin/../lib/gcc/arm-none-eabi/7.3.1/thumb/v6-m/libgcc.a(unorddf2.o)
 .ARM.attributes
                0x00000000000006f2       0x2c /home/chris/st/stm32cubeide_1.2.0/plugins/com.st.stm32cube.ide.mcu.externaltools.gnu-tools-for-stm32.7-2018-q2-update.linux64_1.0.0.201904181610/tools/bin/../lib/gcc/arm-none-eabi/7.3.1/thumb/v6-m/libgcc.a(fixdfsi.o)
 .ARM.attributes
                0x000000000000071e       0x2c /home/chris/st/stm32cubeide_1.2.0/plugins/com.st.stm32cube.ide.mcu.externaltools.gnu-tools-for-stm32.7-2018-q2-update.linux64_1.0.0.201904181610/tools/bin/../lib/gcc/arm-none-eabi/7.3.1/thumb/v6-m/libgcc.a(floatunsidf.o)
 .ARM.attributes
                0x000000000000074a       0x1e /home/chris/st/stm32cubeide_1.2.0/plugins/com.st.stm32cube.ide.mcu.externaltools.gnu-tools-for-stm32.7-2018-q2-update.linux64_1.0.0.201904181610/tools/bin/../lib/gcc/arm-none-eabi/7.3.1/thumb/v6-m/libgcc.a(_clzsi2.o)
 .ARM.attributes
                0x0000000000000768       0x1e /home/chris/st/stm32cubeide_1.2.0/plugins/com.st.stm32cube.ide.mcu.externaltools.gnu-tools-for-stm32.7-2018-q2-update.linux64_1.0.0.201904181610/tools/bin/../lib/gcc/arm-none-eabi/7.3.1/thumb/v6-m/crtn.o
OUTPUT(MidiLedController_sw_2.elf elf32-littlearm)

.debug_info     0x0000000000000000     0xa1fa
 .debug_info    0x0000000000000000      0x86c Core/Src/adc.o
 .debug_info    0x000000000000086c      0x31c Core/Src/dma.o
 .debug_info    0x0000000000000b88      0x25e Core/Src/gpio.o
 .debug_info    0x0000000000000de6     0x12a6 Core/Src/main.o
 .debug_info    0x000000000000208c      0x25e Core/Src/stm32f0xx_hal_msp.o
 .debug_info    0x00000000000022ea      0x3be Core/Src/stm32f0xx_it.o
 .debug_info    0x00000000000026a8      0x29e Core/Src/system_stm32f0xx.o
 .debug_info    0x0000000000002946      0xb9c Core/Src/tim.o
 .debug_info    0x00000000000034e2       0x22 Core/Startup/startup_stm32f051k8tx.o
 .debug_info    0x0000000000003504      0x6a8 Drivers/STM32F0xx_HAL_Driver/Src/stm32f0xx_hal.o
 .debug_info    0x0000000000003bac      0xc9f Drivers/STM32F0xx_HAL_Driver/Src/stm32f0xx_hal_adc.o
 .debug_info    0x000000000000484b      0x5fa Drivers/STM32F0xx_HAL_Driver/Src/stm32f0xx_hal_adc_ex.o
 .debug_info    0x0000000000004e45      0x77a Drivers/STM32F0xx_HAL_Driver/Src/stm32f0xx_hal_cortex.o
 .debug_info    0x00000000000055bf      0x79f Drivers/STM32F0xx_HAL_Driver/Src/stm32f0xx_hal_dma.o
 .debug_info    0x0000000000005d5e      0x673 Drivers/STM32F0xx_HAL_Driver/Src/stm32f0xx_hal_gpio.o
 .debug_info    0x00000000000063d1      0x821 Drivers/STM32F0xx_HAL_Driver/Src/stm32f0xx_hal_rcc.o
 .debug_info    0x0000000000006bf2     0x2522 Drivers/STM32F0xx_HAL_Driver/Src/stm32f0xx_hal_tim.o
 .debug_info    0x0000000000009114     0x10e6 Drivers/STM32F0xx_HAL_Driver/Src/stm32f0xx_hal_tim_ex.o

.debug_abbrev   0x0000000000000000     0x1cfc
 .debug_abbrev  0x0000000000000000      0x1aa Core/Src/adc.o
 .debug_abbrev  0x00000000000001aa      0x107 Core/Src/dma.o
 .debug_abbrev  0x00000000000002b1      0x109 Core/Src/gpio.o
 .debug_abbrev  0x00000000000003ba      0x251 Core/Src/main.o
 .debug_abbrev  0x000000000000060b      0x109 Core/Src/stm32f0xx_hal_msp.o
 .debug_abbrev  0x0000000000000714      0x120 Core/Src/stm32f0xx_it.o
 .debug_abbrev  0x0000000000000834      0x12b Core/Src/system_stm32f0xx.o
 .debug_abbrev  0x000000000000095f      0x1fc Core/Src/tim.o
 .debug_abbrev  0x0000000000000b5b       0x12 Core/Startup/startup_stm32f051k8tx.o
 .debug_abbrev  0x0000000000000b6d      0x1f2 Drivers/STM32F0xx_HAL_Driver/Src/stm32f0xx_hal.o
 .debug_abbrev  0x0000000000000d5f      0x1cf Drivers/STM32F0xx_HAL_Driver/Src/stm32f0xx_hal_adc.o
 .debug_abbrev  0x0000000000000f2e      0x133 Drivers/STM32F0xx_HAL_Driver/Src/stm32f0xx_hal_adc_ex.o
 .debug_abbrev  0x0000000000001061      0x273 Drivers/STM32F0xx_HAL_Driver/Src/stm32f0xx_hal_cortex.o
 .debug_abbrev  0x00000000000012d4      0x1ed Drivers/STM32F0xx_HAL_Driver/Src/stm32f0xx_hal_dma.o
 .debug_abbrev  0x00000000000014c1      0x1c0 Drivers/STM32F0xx_HAL_Driver/Src/stm32f0xx_hal_gpio.o
 .debug_abbrev  0x0000000000001681      0x20f Drivers/STM32F0xx_HAL_Driver/Src/stm32f0xx_hal_rcc.o
 .debug_abbrev  0x0000000000001890      0x23f Drivers/STM32F0xx_HAL_Driver/Src/stm32f0xx_hal_tim.o
 .debug_abbrev  0x0000000000001acf      0x22d Drivers/STM32F0xx_HAL_Driver/Src/stm32f0xx_hal_tim_ex.o

.debug_aranges  0x0000000000000000      0xad0
 .debug_aranges
                0x0000000000000000       0x30 Core/Src/adc.o
 .debug_aranges
                0x0000000000000030       0x20 Core/Src/dma.o
 .debug_aranges
                0x0000000000000050       0x20 Core/Src/gpio.o
 .debug_aranges
                0x0000000000000070       0x40 Core/Src/main.o
 .debug_aranges
                0x00000000000000b0       0x20 Core/Src/stm32f0xx_hal_msp.o
 .debug_aranges
                0x00000000000000d0       0x48 Core/Src/stm32f0xx_it.o
 .debug_aranges
                0x0000000000000118       0x28 Core/Src/system_stm32f0xx.o
 .debug_aranges
                0x0000000000000140       0x58 Core/Src/tim.o
 .debug_aranges
                0x0000000000000198       0x28 Core/Startup/startup_stm32f051k8tx.o
 .debug_aranges
                0x00000000000001c0       0xd0 Drivers/STM32F0xx_HAL_Driver/Src/stm32f0xx_hal.o
 .debug_aranges
                0x0000000000000290       0xf8 Drivers/STM32F0xx_HAL_Driver/Src/stm32f0xx_hal_adc.o
 .debug_aranges
                0x0000000000000388       0x20 Drivers/STM32F0xx_HAL_Driver/Src/stm32f0xx_hal_adc_ex.o
 .debug_aranges
                0x00000000000003a8       0xc0 Drivers/STM32F0xx_HAL_Driver/Src/stm32f0xx_hal_cortex.o
 .debug_aranges
                0x0000000000000468       0x88 Drivers/STM32F0xx_HAL_Driver/Src/stm32f0xx_hal_dma.o
 .debug_aranges
                0x00000000000004f0       0x58 Drivers/STM32F0xx_HAL_Driver/Src/stm32f0xx_hal_gpio.o
 .debug_aranges
                0x0000000000000548       0x80 Drivers/STM32F0xx_HAL_Driver/Src/stm32f0xx_hal_rcc.o
 .debug_aranges
                0x00000000000005c8      0x3b8 Drivers/STM32F0xx_HAL_Driver/Src/stm32f0xx_hal_tim.o
 .debug_aranges
                0x0000000000000980      0x150 Drivers/STM32F0xx_HAL_Driver/Src/stm32f0xx_hal_tim_ex.o

.debug_ranges   0x0000000000000000      0x9b8
 .debug_ranges  0x0000000000000000       0x20 Core/Src/adc.o
 .debug_ranges  0x0000000000000020       0x10 Core/Src/dma.o
 .debug_ranges  0x0000000000000030       0x10 Core/Src/gpio.o
 .debug_ranges  0x0000000000000040       0x30 Core/Src/main.o
 .debug_ranges  0x0000000000000070       0x10 Core/Src/stm32f0xx_hal_msp.o
 .debug_ranges  0x0000000000000080       0x38 Core/Src/stm32f0xx_it.o
 .debug_ranges  0x00000000000000b8       0x18 Core/Src/system_stm32f0xx.o
 .debug_ranges  0x00000000000000d0       0x48 Core/Src/tim.o
 .debug_ranges  0x0000000000000118       0x20 Core/Startup/startup_stm32f051k8tx.o
 .debug_ranges  0x0000000000000138       0xc0 Drivers/STM32F0xx_HAL_Driver/Src/stm32f0xx_hal.o
 .debug_ranges  0x00000000000001f8       0xe8 Drivers/STM32F0xx_HAL_Driver/Src/stm32f0xx_hal_adc.o
 .debug_ranges  0x00000000000002e0       0x10 Drivers/STM32F0xx_HAL_Driver/Src/stm32f0xx_hal_adc_ex.o
 .debug_ranges  0x00000000000002f0       0xb0 Drivers/STM32F0xx_HAL_Driver/Src/stm32f0xx_hal_cortex.o
 .debug_ranges  0x00000000000003a0       0x78 Drivers/STM32F0xx_HAL_Driver/Src/stm32f0xx_hal_dma.o
 .debug_ranges  0x0000000000000418       0x48 Drivers/STM32F0xx_HAL_Driver/Src/stm32f0xx_hal_gpio.o
 .debug_ranges  0x0000000000000460       0x70 Drivers/STM32F0xx_HAL_Driver/Src/stm32f0xx_hal_rcc.o
 .debug_ranges  0x00000000000004d0      0x3a8 Drivers/STM32F0xx_HAL_Driver/Src/stm32f0xx_hal_tim.o
 .debug_ranges  0x0000000000000878      0x140 Drivers/STM32F0xx_HAL_Driver/Src/stm32f0xx_hal_tim_ex.o

.debug_macro    0x0000000000000000     0xf19e
 .debug_macro   0x0000000000000000      0x1cd Core/Src/adc.o
 .debug_macro   0x00000000000001cd      0xa48 Core/Src/adc.o
 .debug_macro   0x0000000000000c15      0x133 Core/Src/adc.o
 .debug_macro   0x0000000000000d48       0x2e Core/Src/adc.o
 .debug_macro   0x0000000000000d76       0x22 Core/Src/adc.o
 .debug_macro   0x0000000000000d98       0x22 Core/Src/adc.o
 .debug_macro   0x0000000000000dba       0x8e Core/Src/adc.o
 .debug_macro   0x0000000000000e48       0x51 Core/Src/adc.o
 .debug_macro   0x0000000000000e99       0xef Core/Src/adc.o
 .debug_macro   0x0000000000000f88       0x6a Core/Src/adc.o
 .debug_macro   0x0000000000000ff2      0x1df Core/Src/adc.o
 .debug_macro   0x00000000000011d1       0x1c Core/Src/adc.o
 .debug_macro   0x00000000000011ed       0x22 Core/Src/adc.o
 .debug_macro   0x000000000000120f       0xb5 Core/Src/adc.o
 .debug_macro   0x00000000000012c4      0x391 Core/Src/adc.o
 .debug_macro   0x0000000000001655     0x8cdd Core/Src/adc.o
 .debug_macro   0x000000000000a332       0x3c Core/Src/adc.o
 .debug_macro   0x000000000000a36e      0x174 Core/Src/adc.o
 .debug_macro   0x000000000000a4e2       0x53 Core/Src/adc.o
 .debug_macro   0x000000000000a535      0x924 Core/Src/adc.o
 .debug_macro   0x000000000000ae59      0x251 Core/Src/adc.o
 .debug_macro   0x000000000000b0aa      0x12f Core/Src/adc.o
 .debug_macro   0x000000000000b1d9      0x114 Core/Src/adc.o
 .debug_macro   0x000000000000b2ed      0x1a0 Core/Src/adc.o
 .debug_macro   0x000000000000b48d      0x1ed Core/Src/adc.o
 .debug_macro   0x000000000000b67a       0x34 Core/Src/adc.o
 .debug_macro   0x000000000000b6ae       0x43 Core/Src/adc.o
 .debug_macro   0x000000000000b6f1       0x28 Core/Src/adc.o
 .debug_macro   0x000000000000b719      0x33d Core/Src/adc.o
 .debug_macro   0x000000000000ba56       0xd4 Core/Src/adc.o
 .debug_macro   0x000000000000bb2a       0xb0 Core/Src/adc.o
 .debug_macro   0x000000000000bbda      0x199 Core/Src/adc.o
 .debug_macro   0x000000000000bd73      0x22c Core/Src/adc.o
 .debug_macro   0x000000000000bf9f       0x5f Core/Src/adc.o
 .debug_macro   0x000000000000bffe       0xa5 Core/Src/adc.o
 .debug_macro   0x000000000000c0a3       0x4c Core/Src/adc.o
 .debug_macro   0x000000000000c0ef      0x112 Core/Src/adc.o
 .debug_macro   0x000000000000c201      0x8ae Core/Src/adc.o
 .debug_macro   0x000000000000caaf       0x28 Core/Src/adc.o
 .debug_macro   0x000000000000cad7      0x114 Core/Src/adc.o
 .debug_macro   0x000000000000cbeb      0x1cd Core/Src/dma.o
 .debug_macro   0x000000000000cdb8      0x1cd Core/Src/gpio.o
 .debug_macro   0x000000000000cf85      0x293 Core/Src/main.o
 .debug_macro   0x000000000000d218       0x46 Core/Src/main.o
 .debug_macro   0x000000000000d25e       0x18 Core/Src/main.o
 .debug_macro   0x000000000000d276       0x3c Core/Src/main.o
 .debug_macro   0x000000000000d2b2       0x34 Core/Src/main.o
 .debug_macro   0x000000000000d2e6       0x52 Core/Src/main.o
 .debug_macro   0x000000000000d338       0x1f Core/Src/main.o
 .debug_macro   0x000000000000d357       0x43 Core/Src/main.o
 .debug_macro   0x000000000000d39a       0x20 Core/Src/main.o
 .debug_macro   0x000000000000d3ba      0x1a3 Core/Src/main.o
 .debug_macro   0x000000000000d55d      0x32a Core/Src/main.o
 .debug_macro   0x000000000000d887      0x1e1 Core/Src/main.o
 .debug_macro   0x000000000000da68      0x1c3 Core/Src/stm32f0xx_hal_msp.o
 .debug_macro   0x000000000000dc2b      0x1cd Core/Src/stm32f0xx_it.o
 .debug_macro   0x000000000000ddf8      0x1b9 Core/Src/system_stm32f0xx.o
 .debug_macro   0x000000000000dfb1      0x1cd Core/Src/tim.o
 .debug_macro   0x000000000000e17e      0x1dd Drivers/STM32F0xx_HAL_Driver/Src/stm32f0xx_hal.o
 .debug_macro   0x000000000000e35b      0x1dd Drivers/STM32F0xx_HAL_Driver/Src/stm32f0xx_hal_adc.o
 .debug_macro   0x000000000000e538      0x1c5 Drivers/STM32F0xx_HAL_Driver/Src/stm32f0xx_hal_adc_ex.o
 .debug_macro   0x000000000000e6fd      0x1b9 Drivers/STM32F0xx_HAL_Driver/Src/stm32f0xx_hal_cortex.o
 .debug_macro   0x000000000000e8b6      0x1b9 Drivers/STM32F0xx_HAL_Driver/Src/stm32f0xx_hal_dma.o
 .debug_macro   0x000000000000ea6f      0x1f1 Drivers/STM32F0xx_HAL_Driver/Src/stm32f0xx_hal_gpio.o
 .debug_macro   0x000000000000ec60      0x1cb Drivers/STM32F0xx_HAL_Driver/Src/stm32f0xx_hal_rcc.o
 .debug_macro   0x000000000000ee2b      0x1ba Drivers/STM32F0xx_HAL_Driver/Src/stm32f0xx_hal_tim.o
 .debug_macro   0x000000000000efe5      0x1b9 Drivers/STM32F0xx_HAL_Driver/Src/stm32f0xx_hal_tim_ex.o

.debug_line     0x0000000000000000     0x9d50
 .debug_line    0x0000000000000000      0x6d9 Core/Src/adc.o
 .debug_line    0x00000000000006d9      0x68d Core/Src/dma.o
 .debug_line    0x0000000000000d66      0x68e Core/Src/gpio.o
 .debug_line    0x00000000000013f4      0x87e Core/Src/main.o
 .debug_line    0x0000000000001c72      0x692 Core/Src/stm32f0xx_hal_msp.o
 .debug_line    0x0000000000002304      0x6f8 Core/Src/stm32f0xx_it.o
 .debug_line    0x00000000000029fc      0x6ac Core/Src/system_stm32f0xx.o
 .debug_line    0x00000000000030a8      0x7a0 Core/Src/tim.o
 .debug_line    0x0000000000003848       0x89 Core/Startup/startup_stm32f051k8tx.o
 .debug_line    0x00000000000038d1      0x848 Drivers/STM32F0xx_HAL_Driver/Src/stm32f0xx_hal.o
 .debug_line    0x0000000000004119      0xc25 Drivers/STM32F0xx_HAL_Driver/Src/stm32f0xx_hal_adc.o
 .debug_line    0x0000000000004d3e      0x6e8 Drivers/STM32F0xx_HAL_Driver/Src/stm32f0xx_hal_adc_ex.o
 .debug_line    0x0000000000005426      0x860 Drivers/STM32F0xx_HAL_Driver/Src/stm32f0xx_hal_cortex.o
 .debug_line    0x0000000000005c86      0x8a6 Drivers/STM32F0xx_HAL_Driver/Src/stm32f0xx_hal_dma.o
 .debug_line    0x000000000000652c      0x80d Drivers/STM32F0xx_HAL_Driver/Src/stm32f0xx_hal_gpio.o
 .debug_line    0x0000000000006d39      0x909 Drivers/STM32F0xx_HAL_Driver/Src/stm32f0xx_hal_rcc.o
 .debug_line    0x0000000000007642     0x1a7a Drivers/STM32F0xx_HAL_Driver/Src/stm32f0xx_hal_tim.o
 .debug_line    0x00000000000090bc      0xc94 Drivers/STM32F0xx_HAL_Driver/Src/stm32f0xx_hal_tim_ex.o

.debug_str      0x0000000000000000    0x561a0
 .debug_str     0x0000000000000000    0x4ff82 Core/Src/adc.o
                                      0x501f8 (size before relaxing)
 .debug_str     0x000000000004ff82      0x16e Core/Src/dma.o
                                      0x4ff35 (size before relaxing)
 .debug_str     0x00000000000500f0       0x2a Core/Src/gpio.o
                                      0x4fd85 (size before relaxing)
 .debug_str     0x000000000005011a     0x3aa1 Core/Src/main.o
                                      0x53c40 (size before relaxing)
 .debug_str     0x0000000000053bbb       0x2c Core/Src/stm32f0xx_hal_msp.o
                                      0x4fd87 (size before relaxing)
 .debug_str     0x0000000000053be7       0x76 Core/Src/stm32f0xx_it.o
                                      0x4ff70 (size before relaxing)
 .debug_str     0x0000000000053c5d       0x5f Core/Src/system_stm32f0xx.o
                                      0x4fda9 (size before relaxing)
 .debug_str     0x0000000000053cbc      0x251 Core/Src/tim.o
                                      0x5043f (size before relaxing)
 .debug_str     0x0000000000053f0d       0x36 Core/Startup/startup_stm32f051k8tx.o
                                         0x88 (size before relaxing)
 .debug_str     0x0000000000053f43      0x39c Drivers/STM32F0xx_HAL_Driver/Src/stm32f0xx_hal.o
                                      0x502e7 (size before relaxing)
 .debug_str     0x00000000000542df      0x387 Drivers/STM32F0xx_HAL_Driver/Src/stm32f0xx_hal_adc.o
                                      0x504a9 (size before relaxing)
 .debug_str     0x0000000000054666       0xa8 Drivers/STM32F0xx_HAL_Driver/Src/stm32f0xx_hal_adc_ex.o
                                      0x50162 (size before relaxing)
 .debug_str     0x000000000005470e      0x1f8 Drivers/STM32F0xx_HAL_Driver/Src/stm32f0xx_hal_cortex.o
                                      0x5019b (size before relaxing)
 .debug_str     0x0000000000054906      0x257 Drivers/STM32F0xx_HAL_Driver/Src/stm32f0xx_hal_dma.o
                                      0x50181 (size before relaxing)
 .debug_str     0x0000000000054b5d      0x224 Drivers/STM32F0xx_HAL_Driver/Src/stm32f0xx_hal_gpio.o
                                      0x50045 (size before relaxing)
 .debug_str     0x0000000000054d81      0x254 Drivers/STM32F0xx_HAL_Driver/Src/stm32f0xx_hal_rcc.o
                                      0x501b3 (size before relaxing)
 .debug_str     0x0000000000054fd5      0xd30 Drivers/STM32F0xx_HAL_Driver/Src/stm32f0xx_hal_tim.o
                                      0x50fa2 (size before relaxing)
 .debug_str     0x0000000000055d05      0x49b Drivers/STM32F0xx_HAL_Driver/Src/stm32f0xx_hal_tim_ex.o
                                      0x50756 (size before relaxing)

.comment        0x0000000000000000       0x7b
 .comment       0x0000000000000000       0x7b Core/Src/adc.o
                                         0x7c (size before relaxing)
 .comment       0x000000000000007b       0x7c Core/Src/dma.o
 .comment       0x000000000000007b       0x7c Core/Src/gpio.o
 .comment       0x000000000000007b       0x7c Core/Src/main.o
 .comment       0x000000000000007b       0x7c Core/Src/stm32f0xx_hal_msp.o
 .comment       0x000000000000007b       0x7c Core/Src/stm32f0xx_it.o
 .comment       0x000000000000007b       0x7c Core/Src/system_stm32f0xx.o
 .comment       0x000000000000007b       0x7c Core/Src/tim.o
 .comment       0x000000000000007b       0x7c Drivers/STM32F0xx_HAL_Driver/Src/stm32f0xx_hal.o
 .comment       0x000000000000007b       0x7c Drivers/STM32F0xx_HAL_Driver/Src/stm32f0xx_hal_adc.o
 .comment       0x000000000000007b       0x7c Drivers/STM32F0xx_HAL_Driver/Src/stm32f0xx_hal_adc_ex.o
 .comment       0x000000000000007b       0x7c Drivers/STM32F0xx_HAL_Driver/Src/stm32f0xx_hal_cortex.o
 .comment       0x000000000000007b       0x7c Drivers/STM32F0xx_HAL_Driver/Src/stm32f0xx_hal_dma.o
 .comment       0x000000000000007b       0x7c Drivers/STM32F0xx_HAL_Driver/Src/stm32f0xx_hal_gpio.o
 .comment       0x000000000000007b       0x7c Drivers/STM32F0xx_HAL_Driver/Src/stm32f0xx_hal_rcc.o
 .comment       0x000000000000007b       0x7c Drivers/STM32F0xx_HAL_Driver/Src/stm32f0xx_hal_tim.o
 .comment       0x000000000000007b       0x7c Drivers/STM32F0xx_HAL_Driver/Src/stm32f0xx_hal_tim_ex.o

.debug_frame    0x0000000000000000     0x2818
 .debug_frame   0x0000000000000000       0x70 Core/Src/adc.o
 .debug_frame   0x0000000000000070       0x30 Core/Src/dma.o
 .debug_frame   0x00000000000000a0       0x30 Core/Src/gpio.o
 .debug_frame   0x00000000000000d0       0xa8 Core/Src/main.o
 .debug_frame   0x0000000000000178       0x30 Core/Src/stm32f0xx_hal_msp.o
 .debug_frame   0x00000000000001a8       0xb8 Core/Src/stm32f0xx_it.o
 .debug_frame   0x0000000000000260       0x4c Core/Src/system_stm32f0xx.o
 .debug_frame   0x00000000000002ac      0x110 Core/Src/tim.o
 .debug_frame   0x00000000000003bc      0x2a4 Drivers/STM32F0xx_HAL_Driver/Src/stm32f0xx_hal.o
 .debug_frame   0x0000000000000660      0x3a0 Drivers/STM32F0xx_HAL_Driver/Src/stm32f0xx_hal_adc.o
 .debug_frame   0x0000000000000a00       0x30 Drivers/STM32F0xx_HAL_Driver/Src/stm32f0xx_hal_adc_ex.o
 .debug_frame   0x0000000000000a30      0x2a0 Drivers/STM32F0xx_HAL_Driver/Src/stm32f0xx_hal_cortex.o
 .debug_frame   0x0000000000000cd0      0x1d0 Drivers/STM32F0xx_HAL_Driver/Src/stm32f0xx_hal_dma.o
 .debug_frame   0x0000000000000ea0      0x110 Drivers/STM32F0xx_HAL_Driver/Src/stm32f0xx_hal_gpio.o
 .debug_frame   0x0000000000000fb0      0x198 Drivers/STM32F0xx_HAL_Driver/Src/stm32f0xx_hal_rcc.o
 .debug_frame   0x0000000000001148      0xe90 Drivers/STM32F0xx_HAL_Driver/Src/stm32f0xx_hal_tim.o
 .debug_frame   0x0000000000001fd8      0x4f0 Drivers/STM32F0xx_HAL_Driver/Src/stm32f0xx_hal_tim_ex.o
 .debug_frame   0x00000000000024c8       0x20 /home/chris/st/stm32cubeide_1.2.0/plugins/com.st.stm32cube.ide.mcu.externaltools.gnu-tools-for-stm32.7-2018-q2-update.linux64_1.0.0.201904181610/tools/bin/../lib/gcc/arm-none-eabi/7.3.1/../../../../arm-none-eabi/lib/thumb/v6-m/libc_nano.a(lib_a-errno.o)
 .debug_frame   0x00000000000024e8       0x2c /home/chris/st/stm32cubeide_1.2.0/plugins/com.st.stm32cube.ide.mcu.externaltools.gnu-tools-for-stm32.7-2018-q2-update.linux64_1.0.0.201904181610/tools/bin/../lib/gcc/arm-none-eabi/7.3.1/../../../../arm-none-eabi/lib/thumb/v6-m/libc_nano.a(lib_a-init.o)
 .debug_frame   0x0000000000002514       0x20 /home/chris/st/stm32cubeide_1.2.0/plugins/com.st.stm32cube.ide.mcu.externaltools.gnu-tools-for-stm32.7-2018-q2-update.linux64_1.0.0.201904181610/tools/bin/../lib/gcc/arm-none-eabi/7.3.1/../../../../arm-none-eabi/lib/thumb/v6-m/libc_nano.a(lib_a-memset.o)
 .debug_frame   0x0000000000002534       0x30 /home/chris/st/stm32cubeide_1.2.0/plugins/com.st.stm32cube.ide.mcu.externaltools.gnu-tools-for-stm32.7-2018-q2-update.linux64_1.0.0.201904181610/tools/bin/../lib/gcc/arm-none-eabi/7.3.1/../../../../arm-none-eabi/lib/thumb/v6-m/libm.a(lib_a-w_sqrt.o)
 .debug_frame   0x0000000000002564       0x34 /home/chris/st/stm32cubeide_1.2.0/plugins/com.st.stm32cube.ide.mcu.externaltools.gnu-tools-for-stm32.7-2018-q2-update.linux64_1.0.0.201904181610/tools/bin/../lib/gcc/arm-none-eabi/7.3.1/../../../../arm-none-eabi/lib/thumb/v6-m/libm.a(lib_a-e_sqrt.o)
 .debug_frame   0x0000000000002598       0x20 /home/chris/st/stm32cubeide_1.2.0/plugins/com.st.stm32cube.ide.mcu.externaltools.gnu-tools-for-stm32.7-2018-q2-update.linux64_1.0.0.201904181610/tools/bin/../lib/gcc/arm-none-eabi/7.3.1/../../../../arm-none-eabi/lib/thumb/v6-m/libm.a(lib_a-s_matherr.o)
 .debug_frame   0x00000000000025b8       0x20 /home/chris/st/stm32cubeide_1.2.0/plugins/com.st.stm32cube.ide.mcu.externaltools.gnu-tools-for-stm32.7-2018-q2-update.linux64_1.0.0.201904181610/tools/bin/../lib/gcc/arm-none-eabi/7.3.1/thumb/v6-m/libgcc.a(_udivsi3.o)
 .debug_frame   0x00000000000025d8       0x2c /home/chris/st/stm32cubeide_1.2.0/plugins/com.st.stm32cube.ide.mcu.externaltools.gnu-tools-for-stm32.7-2018-q2-update.linux64_1.0.0.201904181610/tools/bin/../lib/gcc/arm-none-eabi/7.3.1/thumb/v6-m/libgcc.a(_fixunsdfsi.o)
 .debug_frame   0x0000000000002604       0x38 /home/chris/st/stm32cubeide_1.2.0/plugins/com.st.stm32cube.ide.mcu.externaltools.gnu-tools-for-stm32.7-2018-q2-update.linux64_1.0.0.201904181610/tools/bin/../lib/gcc/arm-none-eabi/7.3.1/thumb/v6-m/libgcc.a(adddf3.o)
 .debug_frame   0x000000000000263c       0x3c /home/chris/st/stm32cubeide_1.2.0/plugins/com.st.stm32cube.ide.mcu.externaltools.gnu-tools-for-stm32.7-2018-q2-update.linux64_1.0.0.201904181610/tools/bin/../lib/gcc/arm-none-eabi/7.3.1/thumb/v6-m/libgcc.a(divdf3.o)
 .debug_frame   0x0000000000002678       0x38 /home/chris/st/stm32cubeide_1.2.0/plugins/com.st.stm32cube.ide.mcu.externaltools.gnu-tools-for-stm32.7-2018-q2-update.linux64_1.0.0.201904181610/tools/bin/../lib/gcc/arm-none-eabi/7.3.1/thumb/v6-m/libgcc.a(eqdf2.o)
 .debug_frame   0x00000000000026b0       0x38 /home/chris/st/stm32cubeide_1.2.0/plugins/com.st.stm32cube.ide.mcu.externaltools.gnu-tools-for-stm32.7-2018-q2-update.linux64_1.0.0.201904181610/tools/bin/../lib/gcc/arm-none-eabi/7.3.1/thumb/v6-m/libgcc.a(gedf2.o)
 .debug_frame   0x00000000000026e8       0x38 /home/chris/st/stm32cubeide_1.2.0/plugins/com.st.stm32cube.ide.mcu.externaltools.gnu-tools-for-stm32.7-2018-q2-update.linux64_1.0.0.201904181610/tools/bin/../lib/gcc/arm-none-eabi/7.3.1/thumb/v6-m/libgcc.a(ledf2.o)
 .debug_frame   0x0000000000002720       0x3c /home/chris/st/stm32cubeide_1.2.0/plugins/com.st.stm32cube.ide.mcu.externaltools.gnu-tools-for-stm32.7-2018-q2-update.linux64_1.0.0.201904181610/tools/bin/../lib/gcc/arm-none-eabi/7.3.1/thumb/v6-m/libgcc.a(muldf3.o)
 .debug_frame   0x000000000000275c       0x3c /home/chris/st/stm32cubeide_1.2.0/plugins/com.st.stm32cube.ide.mcu.externaltools.gnu-tools-for-stm32.7-2018-q2-update.linux64_1.0.0.201904181610/tools/bin/../lib/gcc/arm-none-eabi/7.3.1/thumb/v6-m/libgcc.a(subdf3.o)
 .debug_frame   0x0000000000002798       0x2c /home/chris/st/stm32cubeide_1.2.0/plugins/com.st.stm32cube.ide.mcu.externaltools.gnu-tools-for-stm32.7-2018-q2-update.linux64_1.0.0.201904181610/tools/bin/../lib/gcc/arm-none-eabi/7.3.1/thumb/v6-m/libgcc.a(unorddf2.o)
 .debug_frame   0x00000000000027c4       0x2c /home/chris/st/stm32cubeide_1.2.0/plugins/com.st.stm32cube.ide.mcu.externaltools.gnu-tools-for-stm32.7-2018-q2-update.linux64_1.0.0.201904181610/tools/bin/../lib/gcc/arm-none-eabi/7.3.1/thumb/v6-m/libgcc.a(fixdfsi.o)
 .debug_frame   0x00000000000027f0       0x28 /home/chris/st/stm32cubeide_1.2.0/plugins/com.st.stm32cube.ide.mcu.externaltools.gnu-tools-for-stm32.7-2018-q2-update.linux64_1.0.0.201904181610/tools/bin/../lib/gcc/arm-none-eabi/7.3.1/thumb/v6-m/libgcc.a(floatunsidf.o)
