Archive member included to satisfy reference by file (symbol)

/Applications/STM32CubeIDE.app/Contents/Eclipse/plugins/com.st.stm32cube.ide.mcu.externaltools.gnu-tools-for-stm32.7-2018-q2-update.macos64_1.0.0.201904181610/tools/bin/../lib/gcc/arm-none-eabi/7.3.1/../../../../arm-none-eabi/lib/thumb/v6-m/libc_nano.a(lib_a-errno.o)
                              Core/Src/syscalls.o (__errno)
/Applications/STM32CubeIDE.app/Contents/Eclipse/plugins/com.st.stm32cube.ide.mcu.externaltools.gnu-tools-for-stm32.7-2018-q2-update.macos64_1.0.0.201904181610/tools/bin/../lib/gcc/arm-none-eabi/7.3.1/../../../../arm-none-eabi/lib/thumb/v6-m/libc_nano.a(lib_a-exit.o)
                              /Applications/STM32CubeIDE.app/Contents/Eclipse/plugins/com.st.stm32cube.ide.mcu.externaltools.gnu-tools-for-stm32.7-2018-q2-update.macos64_1.0.0.201904181610/tools/bin/../lib/gcc/arm-none-eabi/7.3.1/../../../../arm-none-eabi/lib/thumb/v6-m/crt0.o (exit)
/Applications/STM32CubeIDE.app/Contents/Eclipse/plugins/com.st.stm32cube.ide.mcu.externaltools.gnu-tools-for-stm32.7-2018-q2-update.macos64_1.0.0.201904181610/tools/bin/../lib/gcc/arm-none-eabi/7.3.1/../../../../arm-none-eabi/lib/thumb/v6-m/libc_nano.a(lib_a-impure.o)
                              /Applications/STM32CubeIDE.app/Contents/Eclipse/plugins/com.st.stm32cube.ide.mcu.externaltools.gnu-tools-for-stm32.7-2018-q2-update.macos64_1.0.0.201904181610/tools/bin/../lib/gcc/arm-none-eabi/7.3.1/../../../../arm-none-eabi/lib/thumb/v6-m/libc_nano.a(lib_a-exit.o) (_global_impure_ptr)
/Applications/STM32CubeIDE.app/Contents/Eclipse/plugins/com.st.stm32cube.ide.mcu.externaltools.gnu-tools-for-stm32.7-2018-q2-update.macos64_1.0.0.201904181610/tools/bin/../lib/gcc/arm-none-eabi/7.3.1/../../../../arm-none-eabi/lib/thumb/v6-m/libc_nano.a(lib_a-init.o)
                              /Applications/STM32CubeIDE.app/Contents/Eclipse/plugins/com.st.stm32cube.ide.mcu.externaltools.gnu-tools-for-stm32.7-2018-q2-update.macos64_1.0.0.201904181610/tools/bin/../lib/gcc/arm-none-eabi/7.3.1/../../../../arm-none-eabi/lib/thumb/v6-m/crt0.o (__libc_init_array)
/Applications/STM32CubeIDE.app/Contents/Eclipse/plugins/com.st.stm32cube.ide.mcu.externaltools.gnu-tools-for-stm32.7-2018-q2-update.macos64_1.0.0.201904181610/tools/bin/../lib/gcc/arm-none-eabi/7.3.1/../../../../arm-none-eabi/lib/thumb/v6-m/libc_nano.a(lib_a-memset.o)
                              /Applications/STM32CubeIDE.app/Contents/Eclipse/plugins/com.st.stm32cube.ide.mcu.externaltools.gnu-tools-for-stm32.7-2018-q2-update.macos64_1.0.0.201904181610/tools/bin/../lib/gcc/arm-none-eabi/7.3.1/../../../../arm-none-eabi/lib/thumb/v6-m/crt0.o (memset)
/Applications/STM32CubeIDE.app/Contents/Eclipse/plugins/com.st.stm32cube.ide.mcu.externaltools.gnu-tools-for-stm32.7-2018-q2-update.macos64_1.0.0.201904181610/tools/bin/../lib/gcc/arm-none-eabi/7.3.1/../../../../arm-none-eabi/lib/thumb/v6-m/libm.a(lib_a-w_sqrt.o)
                              Core/Src/main.o (sqrt)
/Applications/STM32CubeIDE.app/Contents/Eclipse/plugins/com.st.stm32cube.ide.mcu.externaltools.gnu-tools-for-stm32.7-2018-q2-update.macos64_1.0.0.201904181610/tools/bin/../lib/gcc/arm-none-eabi/7.3.1/../../../../arm-none-eabi/lib/thumb/v6-m/libm.a(lib_a-e_sqrt.o)
                              /Applications/STM32CubeIDE.app/Contents/Eclipse/plugins/com.st.stm32cube.ide.mcu.externaltools.gnu-tools-for-stm32.7-2018-q2-update.macos64_1.0.0.201904181610/tools/bin/../lib/gcc/arm-none-eabi/7.3.1/../../../../arm-none-eabi/lib/thumb/v6-m/libm.a(lib_a-w_sqrt.o) (__ieee754_sqrt)
/Applications/STM32CubeIDE.app/Contents/Eclipse/plugins/com.st.stm32cube.ide.mcu.externaltools.gnu-tools-for-stm32.7-2018-q2-update.macos64_1.0.0.201904181610/tools/bin/../lib/gcc/arm-none-eabi/7.3.1/../../../../arm-none-eabi/lib/thumb/v6-m/libm.a(lib_a-s_lib_ver.o)
                              /Applications/STM32CubeIDE.app/Contents/Eclipse/plugins/com.st.stm32cube.ide.mcu.externaltools.gnu-tools-for-stm32.7-2018-q2-update.macos64_1.0.0.201904181610/tools/bin/../lib/gcc/arm-none-eabi/7.3.1/../../../../arm-none-eabi/lib/thumb/v6-m/libm.a(lib_a-w_sqrt.o) (__fdlib_version)
/Applications/STM32CubeIDE.app/Contents/Eclipse/plugins/com.st.stm32cube.ide.mcu.externaltools.gnu-tools-for-stm32.7-2018-q2-update.macos64_1.0.0.201904181610/tools/bin/../lib/gcc/arm-none-eabi/7.3.1/../../../../arm-none-eabi/lib/thumb/v6-m/libm.a(lib_a-s_matherr.o)
                              /Applications/STM32CubeIDE.app/Contents/Eclipse/plugins/com.st.stm32cube.ide.mcu.externaltools.gnu-tools-for-stm32.7-2018-q2-update.macos64_1.0.0.201904181610/tools/bin/../lib/gcc/arm-none-eabi/7.3.1/../../../../arm-none-eabi/lib/thumb/v6-m/libm.a(lib_a-w_sqrt.o) (matherr)
/Applications/STM32CubeIDE.app/Contents/Eclipse/plugins/com.st.stm32cube.ide.mcu.externaltools.gnu-tools-for-stm32.7-2018-q2-update.macos64_1.0.0.201904181610/tools/bin/../lib/gcc/arm-none-eabi/7.3.1/thumb/v6-m/libgcc.a(_udivsi3.o)
                              Core/Src/system_stm32f0xx.o (__aeabi_uidiv)
[...]
Memory Configuration

Name             Origin             Length             Attributes
RAM              0x0000000020000000 0x0000000000002000 xrw
FLASH            0x0000000008000000 0x0000000000010000 xr
*default*        0x0000000000000000 0xffffffffffffffff

Linker script and memory map

LOAD /Applications/STM32CubeIDE.app/Contents/Eclipse/plugins/com.st.stm32cube.ide.mcu.externaltools.gnu-tools-for-stm32.7-2018-q2-update.macos64_1.0.0.201904181610/tools/bin/../lib/gcc/arm-none-eabi/7.3.1/thumb/v6-m/crti.o
LOAD /Applications/STM32CubeIDE.app/Contents/Eclipse/plugins/com.st.stm32cube.ide.mcu.externaltools.gnu-tools-for-stm32.7-2018-q2-update.macos64_1.0.0.201904181610/tools/bin/../lib/gcc/arm-none-eabi/7.3.1/thumb/v6-m/crtbegin.o
LOAD /Applications/STM32CubeIDE.app/Contents/Eclipse/plugins/com.st.stm32cube.ide.mcu.externaltools.gnu-tools-for-stm32.7-2018-q2-update.macos64_1.0.0.201904181610/tools/bin/../lib/gcc/arm-none-eabi/7.3.1/../../../../arm-none-eabi/lib/thumb/v6-m/crt0.o
LOAD Core/Src/adc.o
LOAD Core/Src/dma.o
LOAD Core/Src/gpio.o
LOAD Core/Src/main.o
LOAD Core/Src/stm32f0xx_hal_msp.o
LOAD Core/Src/stm32f0xx_it.o
LOAD Core/Src/syscalls.o
LOAD Core/Src/sysmem.o
LOAD Core/Src/system_stm32f0xx.o
LOAD Core/Src/tim.o
LOAD Core/Src/usart.o
LOAD Core/Startup/startup_stm32f051k8tx.o
LOAD Drivers/STM32F0xx_HAL_Driver/Src/stm32f0xx_hal.o
LOAD Drivers/STM32F0xx_HAL_Driver/Src/stm32f0xx_hal_adc.o
LOAD Drivers/STM32F0xx_HAL_Driver/Src/stm32f0xx_hal_adc_ex.o
LOAD Drivers/STM32F0xx_HAL_Driver/Src/stm32f0xx_hal_cortex.o
LOAD Drivers/STM32F0xx_HAL_Driver/Src/stm32f0xx_hal_dma.o
LOAD Drivers/STM32F0xx_HAL_Driver/Src/stm32f0xx_hal_exti.o
LOAD Drivers/STM32F0xx_HAL_Driver/Src/stm32f0xx_hal_flash.o
LOAD Drivers/STM32F0xx_HAL_Driver/Src/stm32f0xx_hal_flash_ex.o
LOAD Drivers/STM32F0xx_HAL_Driver/Src/stm32f0xx_hal_gpio.o
LOAD Drivers/STM32F0xx_HAL_Driver/Src/stm32f0xx_hal_i2c.o
LOAD Drivers/STM32F0xx_HAL_Driver/Src/stm32f0xx_hal_i2c_ex.o
LOAD Drivers/STM32F0xx_HAL_Driver/Src/stm32f0xx_hal_pwr.o
LOAD Drivers/STM32F0xx_HAL_Driver/Src/stm32f0xx_hal_pwr_ex.o
LOAD Drivers/STM32F0xx_HAL_Driver/Src/stm32f0xx_hal_rcc.o
LOAD Drivers/STM32F0xx_HAL_Driver/Src/stm32f0xx_hal_rcc_ex.o
LOAD Drivers/STM32F0xx_HAL_Driver/Src/stm32f0xx_hal_tim.o
LOAD Drivers/STM32F0xx_HAL_Driver/Src/stm32f0xx_hal_tim_ex.o
LOAD Drivers/STM32F0xx_HAL_Driver/Src/stm32f0xx_ll_dma.o
LOAD Drivers/STM32F0xx_HAL_Driver/Src/stm32f0xx_ll_exti.o
LOAD Drivers/STM32F0xx_HAL_Driver/Src/stm32f0xx_ll_gpio.o
LOAD Drivers/STM32F0xx_HAL_Driver/Src/stm32f0xx_ll_rcc.o
LOAD Drivers/STM32F0xx_HAL_Driver/Src/stm32f0xx_ll_usart.o
LOAD Drivers/STM32F0xx_HAL_Driver/Src/stm32f0xx_ll_utils.o
START GROUP
LOAD /Applications/STM32CubeIDE.app/Contents/Eclipse/plugins/com.st.stm32cube.ide.mcu.externaltools.gnu-tools-for-stm32.7-2018-q2-update.macos64_1.0.0.201904181610/tools/bin/../lib/gcc/arm-none-eabi/7.3.1/../../../../arm-none-eabi/lib/thumb/v6-m/libc_nano.a
LOAD /Applications/STM32CubeIDE.app/Contents/Eclipse/plugins/com.st.stm32cube.ide.mcu.externaltools.gnu-tools-for-stm32.7-2018-q2-update.macos64_1.0.0.201904181610/tools/bin/../lib/gcc/arm-none-eabi/7.3.1/../../../../arm-none-eabi/lib/thumb/v6-m/libm.a
END GROUP
START GROUP
LOAD /Applications/STM32CubeIDE.app/Contents/Eclipse/plugins/com.st.stm32cube.ide.mcu.externaltools.gnu-tools-for-stm32.7-2018-q2-update.macos64_1.0.0.201904181610/tools/bin/../lib/gcc/arm-none-eabi/7.3.1/thumb/v6-m/libgcc.a
LOAD /Applications/STM32CubeIDE.app/Contents/Eclipse/plugins/com.st.stm32cube.ide.mcu.externaltools.gnu-tools-for-stm32.7-2018-q2-update.macos64_1.0.0.201904181610/tools/bin/../lib/gcc/arm-none-eabi/7.3.1/../../../../arm-none-eabi/lib/thumb/v6-m/libc_nano.a
END GROUP
START GROUP
LOAD /Applications/STM32CubeIDE.app/Contents/Eclipse/plugins/com.st.stm32cube.ide.mcu.externaltools.gnu-tools-for-stm32.7-2018-q2-update.macos64_1.0.0.201904181610/tools/bin/../lib/gcc/arm-none-eabi/7.3.1/thumb/v6-m/libgcc.a
LOAD /Applications/STM32CubeIDE.app/Contents/Eclipse/plugins/com.st.stm32cube.ide.mcu.externaltools.gnu-tools-for-stm32.7-2018-q2-update.macos64_1.0.0.201904181610/tools/bin/../lib/gcc/arm-none-eabi/7.3.1/../../../../arm-none-eabi/lib/thumb/v6-m/libc_nano.a
LOAD /Applications/STM32CubeIDE.app/Contents/Eclipse/plugins/com.st.stm32cube.ide.mcu.externaltools.gnu-tools-for-stm32.7-2018-q2-update.macos64_1.0.0.201904181610/tools/bin/../lib/gcc/arm-none-eabi/7.3.1/../../../../arm-none-eabi/lib/thumb/v6-m/libnosys.a
END GROUP
START GROUP
LOAD /Applications/STM32CubeIDE.app/Contents/Eclipse/plugins/com.st.stm32cube.ide.mcu.externaltools.gnu-tools-for-stm32.7-2018-q2-update.macos64_1.0.0.201904181610/tools/bin/../lib/gcc/arm-none-eabi/7.3.1/thumb/v6-m/libgcc.a
LOAD /Applications/STM32CubeIDE.app/Contents/Eclipse/plugins/com.st.stm32cube.ide.mcu.externaltools.gnu-tools-for-stm32.7-2018-q2-update.macos64_1.0.0.201904181610/tools/bin/../lib/gcc/arm-none-eabi/7.3.1/../../../../arm-none-eabi/lib/thumb/v6-m/libc_nano.a
LOAD /Applications/STM32CubeIDE.app/Contents/Eclipse/plugins/com.st.stm32cube.ide.mcu.externaltools.gnu-tools-for-stm32.7-2018-q2-update.macos64_1.0.0.201904181610/tools/bin/../lib/gcc/arm-none-eabi/7.3.1/../../../../arm-none-eabi/lib/thumb/v6-m/libnosys.a
END GROUP
LOAD /Applications/STM32CubeIDE.app/Contents/Eclipse/plugins/com.st.stm32cube.ide.mcu.externaltools.gnu-tools-for-stm32.7-2018-q2-update.macos64_1.0.0.201904181610/tools/bin/../lib/gcc/arm-none-eabi/7.3.1/thumb/v6-m/crtend.o
LOAD /Applications/STM32CubeIDE.app/Contents/Eclipse/plugins/com.st.stm32cube.ide.mcu.externaltools.gnu-tools-for-stm32.7-2018-q2-update.macos64_1.0.0.201904181610/tools/bin/../lib/gcc/arm-none-eabi/7.3.1/thumb/v6-m/crtn.o
                0x0000000020002000                _estack = (ORIGIN (RAM) + LENGTH (RAM))
                0x0000000000000200                _Min_Heap_Size = 0x200
                0x0000000000000400                _Min_Stack_Size = 0x400

.isr_vector     0x0000000008000000       0xc0
                0x0000000008000000                . = ALIGN (0x4)
 *(.isr_vector)
 .isr_vector    0x0000000008000000       0xc0 Core/Startup/startup_stm32f051k8tx.o
                0x0000000008000000                g_pfnVectors
                0x00000000080000c0                . = ALIGN (0x4)

.text           0x00000000080000c0     0x45ac
                0x00000000080000c0                . = ALIGN (0x4)
 *(.text)
 .text          0x00000000080000c0       0x48 /Applications/STM32CubeIDE.app/Contents/Eclipse/plugins/com.st.stm32cube.ide.mcu.externaltools.gnu-tools-for-stm32.7-2018-q2-update.macos64_1.0.0.201904181610/tools/bin/../lib/gcc/arm-none-eabi/7.3.1/thumb/v6-m/crtbegin.o
 .text          0x0000000008000108      0x114 /Applications/STM32CubeIDE.app/Contents/Eclipse/plugins/com.st.stm32cube.ide.mcu.externaltools.gnu-tools-for-stm32.7-2018-q2-update.macos64_1.0.0.201904181610/tools/bin/../lib/gcc/arm-none-eabi/7.3.1/thumb/v6-m/libgcc.a(_udivsi3.o)
                0x0000000008000108                __udivsi3
                0x0000000008000108                __aeabi_uidiv
                0x0000000008000214                __aeabi_uidivmod
 .text          0x000000000800021c        0x4 /Applications/STM32CubeIDE.app/Contents/Eclipse/plugins/com.st.stm32cube.ide.mcu.externaltools.gnu-tools-for-stm32.7-2018-q2-update.macos64_1.0.0.201904181610/tools/bin/../lib/gcc/arm-none-eabi/7.3.1/thumb/v6-m/libgcc.a(_dvmd_tls.o)
                0x000000000800021c                __aeabi_ldiv0
                0x000000000800021c                __aeabi_idiv0
 *(.text*)
 .text.MX_ADC_Init
                0x0000000008000220       0xb8 Core/Src/adc.o
                0x0000000008000220                MX_ADC_Init
 .text.HAL_ADC_MspInit
                0x00000000080002d8       0xe4 Core/Src/adc.o
                0x00000000080002d8                HAL_ADC_MspInit
 .text.MX_DMA_Init
                0x00000000080003bc       0x3c Core/Src/dma.o
                0x00000000080003bc                MX_DMA_Init
 .text.MX_GPIO_Init
                0x00000000080003f8       0x7c Core/Src/gpio.o
                0x00000000080003f8                MX_GPIO_Init
 .text.setMidiChannel
                0x0000000008000474      0x130 Core/Src/main.o
                0x0000000008000474                setMidiChannel
 .text.main     0x00000000080005a4      0x170 Core/Src/main.o
                0x00000000080005a4                main
 .text.SystemClock_Config
                0x0000000008000714       0xba Core/Src/main.o
                0x0000000008000714                SystemClock_Config
 .text.Error_Handler
                0x00000000080007ce        0xa Core/Src/main.o
                0x00000000080007ce                Error_Handler
 .text.HAL_MspInit
                0x00000000080007d8       0x48 Core/Src/stm32f0xx_hal_msp.o
                0x00000000080007d8                HAL_MspInit
 .text.pwm_switch_on
                0x0000000008000820      0x140 Core/Src/stm32f0xx_it.o
                0x0000000008000820                pwm_switch_on
 .text.pwm_switch_off
                0x0000000008000960       0x4c Core/Src/stm32f0xx_it.o
                0x0000000008000960                pwm_switch_off
 .text.NMI_Handler
                0x00000000080009ac        0xa Core/Src/stm32f0xx_it.o
                0x00000000080009ac                NMI_Handler
 .text.HardFault_Handler
                0x00000000080009b6        0x6 Core/Src/stm32f0xx_it.o
                0x00000000080009b6                HardFault_Handler
 .text.SVC_Handler
                0x00000000080009bc        0xa Core/Src/stm32f0xx_it.o
                0x00000000080009bc                SVC_Handler
 .text.PendSV_Handler
                0x00000000080009c6        0xa Core/Src/stm32f0xx_it.o
                0x00000000080009c6                PendSV_Handler
 .text.SysTick_Handler
                0x00000000080009d0        0xe Core/Src/stm32f0xx_it.o
                0x00000000080009d0                SysTick_Handler
 *fill*         0x00000000080009de        0x2 
 .text.DMA1_Channel1_IRQHandler
                0x00000000080009e0       0x18 Core/Src/stm32f0xx_it.o
                0x00000000080009e0                DMA1_Channel1_IRQHandler
 .text.TIM16_IRQHandler
                0x00000000080009f8       0x1c Core/Src/stm32f0xx_it.o
                0x00000000080009f8                TIM16_IRQHandler
 .text.USART1_IRQHandler
                0x0000000008000a14        0xe Core/Src/stm32f0xx_it.o
                0x0000000008000a14                USART1_IRQHandler
 .text.SystemInit
                0x0000000008000a22        0xa Core/Src/system_stm32f0xx.o
                0x0000000008000a22                SystemInit
 .text.MX_TIM1_Init
                0x0000000008000a2c      0x194 Core/Src/tim.o
                0x0000000008000a2c                MX_TIM1_Init
 .text.MX_TIM2_Init
                0x0000000008000bc0       0xd0 Core/Src/tim.o
                0x0000000008000bc0                MX_TIM2_Init
 .text.MX_TIM3_Init
                0x0000000008000c90       0xfc Core/Src/tim.o
                0x0000000008000c90                MX_TIM3_Init
 .text.MX_TIM16_Init
                0x0000000008000d8c       0x64 Core/Src/tim.o
                0x0000000008000d8c                MX_TIM16_Init
 .text.HAL_TIM_Base_MspInit
                0x0000000008000df0       0x7c Core/Src/tim.o
                0x0000000008000df0                HAL_TIM_Base_MspInit
 .text.HAL_TIM_PWM_MspInit
                0x0000000008000e6c       0x60 Core/Src/tim.o
                0x0000000008000e6c                HAL_TIM_PWM_MspInit
 .text.HAL_TIM_MspPostInit
                0x0000000008000ecc      0x180 Core/Src/tim.o
                0x0000000008000ecc                HAL_TIM_MspPostInit
 .text.__NVIC_EnableIRQ
                0x000000000800104c       0x34 Core/Src/usart.o
 .text.__NVIC_SetPriority
                0x0000000008001080       0xdc Core/Src/usart.o
 .text.LL_USART_Enable
                0x000000000800115c       0x1c Core/Src/usart.o
 .text.LL_USART_ConfigAsyncMode
                0x0000000008001178       0x30 Core/Src/usart.o
 .text.LL_USART_DisableIT_CTS
                0x00000000080011a8       0x20 Core/Src/usart.o
 .text.LL_AHB1_GRP1_EnableClock
                0x00000000080011c8       0x2c Core/Src/usart.o
 .text.LL_APB1_GRP2_EnableClock
                0x00000000080011f4       0x2c Core/Src/usart.o
 .text.MX_USART1_UART_Init
                0x0000000008001220      0x10c Core/Src/usart.o
                0x0000000008001220                MX_USART1_UART_Init
 .text.Reset_Handler
                0x000000000800132c       0x50 Core/Startup/startup_stm32f051k8tx.o
                0x000000000800132c                Reset_Handler
 .text.Default_Handler
                0x000000000800137c        0x2 Core/Startup/startup_stm32f051k8tx.o
                0x000000000800137c                TIM1_BRK_UP_TRG_COM_IRQHandler
                0x000000000800137c                TSC_IRQHandler
                0x000000000800137c                ADC1_COMP_IRQHandler
                0x000000000800137c                PVD_IRQHandler
                0x000000000800137c                I2C1_IRQHandler
                0x000000000800137c                RCC_CRS_IRQHandler
                0x000000000800137c                SPI1_IRQHandler
                0x000000000800137c                TIM6_DAC_IRQHandler
                0x000000000800137c                EXTI2_3_IRQHandler
                0x000000000800137c                I2C2_IRQHandler
                0x000000000800137c                TIM17_IRQHandler
                0x000000000800137c                CEC_CAN_IRQHandler
                0x000000000800137c                RTC_IRQHandler
                0x000000000800137c                TIM3_IRQHandler
                0x000000000800137c                EXTI4_15_IRQHandler
                0x000000000800137c                Default_Handler
                0x000000000800137c                TIM14_IRQHandler
                0x000000000800137c                DMA1_Channel4_5_IRQHandler
                0x000000000800137c                TIM15_IRQHandler
                0x000000000800137c                EXTI0_1_IRQHandler
                0x000000000800137c                SPI2_IRQHandler
                0x000000000800137c                WWDG_IRQHandler
                0x000000000800137c                TIM2_IRQHandler
                0x000000000800137c                DMA1_Channel2_3_IRQHandler
                0x000000000800137c                USART2_IRQHandler
                0x000000000800137c                FLASH_IRQHandler
                0x000000000800137c                TIM1_CC_IRQHandler
 *fill*         0x000000000800137e        0x2 
 .text.HAL_Init
                0x0000000008001380       0x28 Drivers/STM32F0xx_HAL_Driver/Src/stm32f0xx_hal.o
                0x0000000008001380                HAL_Init
 .text.HAL_InitTick
                0x00000000080013a8       0x68 Drivers/STM32F0xx_HAL_Driver/Src/stm32f0xx_hal.o
                0x00000000080013a8                HAL_InitTick
 .text.HAL_IncTick
                0x0000000008001410       0x24 Drivers/STM32F0xx_HAL_Driver/Src/stm32f0xx_hal.o
                0x0000000008001410                HAL_IncTick
 .text.HAL_GetTick
                0x0000000008001434       0x14 Drivers/STM32F0xx_HAL_Driver/Src/stm32f0xx_hal.o
                0x0000000008001434                HAL_GetTick
 .text.HAL_ADC_Init
                0x0000000008001448      0x280 Drivers/STM32F0xx_HAL_Driver/Src/stm32f0xx_hal_adc.o
                0x0000000008001448                HAL_ADC_Init
 .text.HAL_ADC_Start_DMA
                0x00000000080016c8      0x104 Drivers/STM32F0xx_HAL_Driver/Src/stm32f0xx_hal_adc.o
                0x00000000080016c8                HAL_ADC_Start_DMA
 .text.HAL_ADC_ConvCpltCallback
                0x00000000080017cc       0x10 Drivers/STM32F0xx_HAL_Driver/Src/stm32f0xx_hal_adc.o
                0x00000000080017cc                HAL_ADC_ConvCpltCallback
 .text.HAL_ADC_ConvHalfCpltCallback
                0x00000000080017dc       0x10 Drivers/STM32F0xx_HAL_Driver/Src/stm32f0xx_hal_adc.o
                0x00000000080017dc                HAL_ADC_ConvHalfCpltCallback
 .text.HAL_ADC_ErrorCallback
                0x00000000080017ec       0x10 Drivers/STM32F0xx_HAL_Driver/Src/stm32f0xx_hal_adc.o
                0x00000000080017ec                HAL_ADC_ErrorCallback
 .text.HAL_ADC_ConfigChannel
                0x00000000080017fc      0x21c Drivers/STM32F0xx_HAL_Driver/Src/stm32f0xx_hal_adc.o
                0x00000000080017fc                HAL_ADC_ConfigChannel
 .text.ADC_Enable
                0x0000000008001a18       0xf8 Drivers/STM32F0xx_HAL_Driver/Src/stm32f0xx_hal_adc.o
 .text.ADC_DMAConvCplt
                0x0000000008001b10       0xb4 Drivers/STM32F0xx_HAL_Driver/Src/stm32f0xx_hal_adc.o
 .text.ADC_DMAHalfConvCplt
                0x0000000008001bc4       0x1e Drivers/STM32F0xx_HAL_Driver/Src/stm32f0xx_hal_adc.o
 .text.ADC_DMAError
                0x0000000008001be2       0x36 Drivers/STM32F0xx_HAL_Driver/Src/stm32f0xx_hal_adc.o
 .text.HAL_ADCEx_Calibration_Start
                0x0000000008001c18      0x13c Drivers/STM32F0xx_HAL_Driver/Src/stm32f0xx_hal_adc_ex.o
                0x0000000008001c18                HAL_ADCEx_Calibration_Start
 .text.__NVIC_EnableIRQ
                0x0000000008001d54       0x34 Drivers/STM32F0xx_HAL_Driver/Src/stm32f0xx_hal_cortex.o
 .text.__NVIC_SetPriority
                0x0000000008001d88       0xdc Drivers/STM32F0xx_HAL_Driver/Src/stm32f0xx_hal_cortex.o
 .text.SysTick_Config
                0x0000000008001e64       0x48 Drivers/STM32F0xx_HAL_Driver/Src/stm32f0xx_hal_cortex.o
 .text.HAL_NVIC_SetPriority
                0x0000000008001eac       0x2a Drivers/STM32F0xx_HAL_Driver/Src/stm32f0xx_hal_cortex.o
                0x0000000008001eac                HAL_NVIC_SetPriority
 .text.HAL_NVIC_EnableIRQ
                0x0000000008001ed6       0x20 Drivers/STM32F0xx_HAL_Driver/Src/stm32f0xx_hal_cortex.o
                0x0000000008001ed6                HAL_NVIC_EnableIRQ
 .text.HAL_SYSTICK_Config
                0x0000000008001ef6       0x1a Drivers/STM32F0xx_HAL_Driver/Src/stm32f0xx_hal_cortex.o
                0x0000000008001ef6                HAL_SYSTICK_Config
 .text.HAL_DMA_Init
                0x0000000008001f10       0x90 Drivers/STM32F0xx_HAL_Driver/Src/stm32f0xx_hal_dma.o
                0x0000000008001f10                HAL_DMA_Init
 .text.HAL_DMA_Start_IT
                0x0000000008001fa0       0xcc Drivers/STM32F0xx_HAL_Driver/Src/stm32f0xx_hal_dma.o
                0x0000000008001fa0                HAL_DMA_Start_IT
 .text.HAL_DMA_IRQHandler
                0x000000000800206c      0x144 Drivers/STM32F0xx_HAL_Driver/Src/stm32f0xx_hal_dma.o
                0x000000000800206c                HAL_DMA_IRQHandler
 .text.DMA_SetConfig
                0x00000000080021b0       0x58 Drivers/STM32F0xx_HAL_Driver/Src/stm32f0xx_hal_dma.o
 .text.DMA_CalcBaseAndBitshift
                0x0000000008002208       0x38 Drivers/STM32F0xx_HAL_Driver/Src/stm32f0xx_hal_dma.o
 .text.HAL_GPIO_Init
                0x0000000008002240      0x2e0 Drivers/STM32F0xx_HAL_Driver/Src/stm32f0xx_hal_gpio.o
                0x0000000008002240                HAL_GPIO_Init
 .text.HAL_GPIO_ReadPin
                0x0000000008002520       0x3a Drivers/STM32F0xx_HAL_Driver/Src/stm32f0xx_hal_gpio.o
                0x0000000008002520                HAL_GPIO_ReadPin
 *fill*         0x000000000800255a        0x2 
 .text.HAL_RCC_OscConfig
                0x000000000800255c      0x638 Drivers/STM32F0xx_HAL_Driver/Src/stm32f0xx_hal_rcc.o
                0x000000000800255c                HAL_RCC_OscConfig
 .text.HAL_RCC_ClockConfig
                0x0000000008002b94      0x19c Drivers/STM32F0xx_HAL_Driver/Src/stm32f0xx_hal_rcc.o
                0x0000000008002b94                HAL_RCC_ClockConfig
 .text.HAL_RCC_GetSysClockFreq
                0x0000000008002d30       0xc8 Drivers/STM32F0xx_HAL_Driver/Src/stm32f0xx_hal_rcc.o
                0x0000000008002d30                HAL_RCC_GetSysClockFreq
 .text.HAL_RCCEx_PeriphCLKConfig
                0x0000000008002df8      0x1bc Drivers/STM32F0xx_HAL_Driver/Src/stm32f0xx_hal_rcc_ex.o
                0x0000000008002df8                HAL_RCCEx_PeriphCLKConfig
 .text.HAL_TIM_Base_Init
                0x0000000008002fb4       0x58 Drivers/STM32F0xx_HAL_Driver/Src/stm32f0xx_hal_tim.o
                0x0000000008002fb4                HAL_TIM_Base_Init
 .text.HAL_TIM_Base_Start_IT
                0x000000000800300c       0x44 Drivers/STM32F0xx_HAL_Driver/Src/stm32f0xx_hal_tim.o
                0x000000000800300c                HAL_TIM_Base_Start_IT
 .text.HAL_TIM_PWM_Init
                0x0000000008003050       0x58 Drivers/STM32F0xx_HAL_Driver/Src/stm32f0xx_hal_tim.o
                0x0000000008003050                HAL_TIM_PWM_Init
 .text.HAL_TIM_PWM_Start
                0x00000000080030a8       0x98 Drivers/STM32F0xx_HAL_Driver/Src/stm32f0xx_hal_tim.o
                0x00000000080030a8                HAL_TIM_PWM_Start
 .text.HAL_TIM_OnePulse_Init
                0x0000000008003140       0x7a Drivers/STM32F0xx_HAL_Driver/Src/stm32f0xx_hal_tim.o
                0x0000000008003140                HAL_TIM_OnePulse_Init
 .text.HAL_TIM_OnePulse_MspInit
                0x00000000080031ba       0x10 Drivers/STM32F0xx_HAL_Driver/Src/stm32f0xx_hal_tim.o
                0x00000000080031ba                HAL_TIM_OnePulse_MspInit
 .text.HAL_TIM_IRQHandler
                0x00000000080031ca      0x22c Drivers/STM32F0xx_HAL_Driver/Src/stm32f0xx_hal_tim.o
                0x00000000080031ca                HAL_TIM_IRQHandler
 *fill*         0x00000000080033f6        0x2 
 .text.HAL_TIM_PWM_ConfigChannel
                0x00000000080033f8      0x170 Drivers/STM32F0xx_HAL_Driver/Src/stm32f0xx_hal_tim.o
                0x00000000080033f8                HAL_TIM_PWM_ConfigChannel
 .text.HAL_TIM_ConfigClockSource
                0x0000000008003568      0x17c Drivers/STM32F0xx_HAL_Driver/Src/stm32f0xx_hal_tim.o
                0x0000000008003568                HAL_TIM_ConfigClockSource
 .text.HAL_TIM_PeriodElapsedCallback
                0x00000000080036e4       0x10 Drivers/STM32F0xx_HAL_Driver/Src/stm32f0xx_hal_tim.o
                0x00000000080036e4                HAL_TIM_PeriodElapsedCallback
 .text.HAL_TIM_OC_DelayElapsedCallback
                0x00000000080036f4       0x10 Drivers/STM32F0xx_HAL_Driver/Src/stm32f0xx_hal_tim.o
                0x00000000080036f4                HAL_TIM_OC_DelayElapsedCallback
 .text.HAL_TIM_IC_CaptureCallback
                0x0000000008003704       0x10 Drivers/STM32F0xx_HAL_Driver/Src/stm32f0xx_hal_tim.o
                0x0000000008003704                HAL_TIM_IC_CaptureCallback
 .text.HAL_TIM_PWM_PulseFinishedCallback
                0x0000000008003714       0x10 Drivers/STM32F0xx_HAL_Driver/Src/stm32f0xx_hal_tim.o
                0x0000000008003714                HAL_TIM_PWM_PulseFinishedCallback
 .text.HAL_TIM_TriggerCallback
                0x0000000008003724       0x10 Drivers/STM32F0xx_HAL_Driver/Src/stm32f0xx_hal_tim.o
                0x0000000008003724                HAL_TIM_TriggerCallback
 .text.TIM_Base_SetConfig
                0x0000000008003734      0x100 Drivers/STM32F0xx_HAL_Driver/Src/stm32f0xx_hal_tim.o
                0x0000000008003734                TIM_Base_SetConfig
 .text.TIM_OC1_SetConfig
                0x0000000008003834      0x110 Drivers/STM32F0xx_HAL_Driver/Src/stm32f0xx_hal_tim.o
 .text.TIM_OC2_SetConfig
                0x0000000008003944      0x108 Drivers/STM32F0xx_HAL_Driver/Src/stm32f0xx_hal_tim.o
                0x0000000008003944                TIM_OC2_SetConfig
 .text.TIM_OC3_SetConfig
                0x0000000008003a4c      0x10c Drivers/STM32F0xx_HAL_Driver/Src/stm32f0xx_hal_tim.o
 .text.TIM_OC4_SetConfig
                0x0000000008003b58       0xd4 Drivers/STM32F0xx_HAL_Driver/Src/stm32f0xx_hal_tim.o
 .text.TIM_TI1_ConfigInputStage
                0x0000000008003c2c       0x5c Drivers/STM32F0xx_HAL_Driver/Src/stm32f0xx_hal_tim.o
 .text.TIM_TI2_ConfigInputStage
                0x0000000008003c88       0x64 Drivers/STM32F0xx_HAL_Driver/Src/stm32f0xx_hal_tim.o
 .text.TIM_ITRx_SetConfig
                0x0000000008003cec       0x32 Drivers/STM32F0xx_HAL_Driver/Src/stm32f0xx_hal_tim.o
 *fill*         0x0000000008003d1e        0x2 
 .text.TIM_ETR_SetConfig
                0x0000000008003d20       0x40 Drivers/STM32F0xx_HAL_Driver/Src/stm32f0xx_hal_tim.o
                0x0000000008003d20                TIM_ETR_SetConfig
 .text.TIM_CCxChannelCmd
                0x0000000008003d60       0x46 Drivers/STM32F0xx_HAL_Driver/Src/stm32f0xx_hal_tim.o
                0x0000000008003d60                TIM_CCxChannelCmd
 *fill*         0x0000000008003da6        0x2 
 .text.HAL_TIMEx_MasterConfigSynchronization
                0x0000000008003da8       0xbc Drivers/STM32F0xx_HAL_Driver/Src/stm32f0xx_hal_tim_ex.o
                0x0000000008003da8                HAL_TIMEx_MasterConfigSynchronization
 .text.HAL_TIMEx_ConfigBreakDeadTime
                0x0000000008003e64       0xbc Drivers/STM32F0xx_HAL_Driver/Src/stm32f0xx_hal_tim_ex.o
                0x0000000008003e64                HAL_TIMEx_ConfigBreakDeadTime
 .text.HAL_TIMEx_CommutCallback
                0x0000000008003f20       0x10 Drivers/STM32F0xx_HAL_Driver/Src/stm32f0xx_hal_tim_ex.o
                0x0000000008003f20                HAL_TIMEx_CommutCallback
 .text.HAL_TIMEx_BreakCallback
                0x0000000008003f30       0x10 Drivers/STM32F0xx_HAL_Driver/Src/stm32f0xx_hal_tim_ex.o
                0x0000000008003f30                HAL_TIMEx_BreakCallback
 .text.LL_GPIO_SetPinMode
                0x0000000008003f40       0x3a Drivers/STM32F0xx_HAL_Driver/Src/stm32f0xx_ll_gpio.o
 .text.LL_GPIO_SetPinOutputType
                0x0000000008003f7a       0x2a Drivers/STM32F0xx_HAL_Driver/Src/stm32f0xx_ll_gpio.o
 .text.LL_GPIO_SetPinSpeed
                0x0000000008003fa4       0x3a Drivers/STM32F0xx_HAL_Driver/Src/stm32f0xx_ll_gpio.o
 .text.LL_GPIO_SetPinPull
                0x0000000008003fde       0x3a Drivers/STM32F0xx_HAL_Driver/Src/stm32f0xx_ll_gpio.o
 .text.LL_GPIO_SetAFPin_0_7
                0x0000000008004018       0x4a Drivers/STM32F0xx_HAL_Driver/Src/stm32f0xx_ll_gpio.o
 .text.LL_GPIO_SetAFPin_8_15
                0x0000000008004062       0x5a Drivers/STM32F0xx_HAL_Driver/Src/stm32f0xx_ll_gpio.o
 .text.LL_GPIO_Init
                0x00000000080040bc       0xc8 Drivers/STM32F0xx_HAL_Driver/Src/stm32f0xx_ll_gpio.o
                0x00000000080040bc                LL_GPIO_Init
 .text.LL_RCC_HSI_IsReady
                0x0000000008004184       0x20 Drivers/STM32F0xx_HAL_Driver/Src/stm32f0xx_ll_rcc.o
 .text.LL_RCC_LSE_IsReady
                0x00000000080041a4       0x20 Drivers/STM32F0xx_HAL_Driver/Src/stm32f0xx_ll_rcc.o
 .text.LL_RCC_GetSysClkSource
                0x00000000080041c4       0x18 Drivers/STM32F0xx_HAL_Driver/Src/stm32f0xx_ll_rcc.o
 .text.LL_RCC_GetAHBPrescaler
                0x00000000080041dc       0x18 Drivers/STM32F0xx_HAL_Driver/Src/stm32f0xx_ll_rcc.o
 .text.LL_RCC_GetAPB1Prescaler
                0x00000000080041f4       0x18 Drivers/STM32F0xx_HAL_Driver/Src/stm32f0xx_ll_rcc.o
 .text.LL_RCC_GetUSARTClockSource
                0x000000000800420c       0x28 Drivers/STM32F0xx_HAL_Driver/Src/stm32f0xx_ll_rcc.o
 .text.LL_RCC_PLL_GetMainSource
                0x0000000008004234       0x18 Drivers/STM32F0xx_HAL_Driver/Src/stm32f0xx_ll_rcc.o
 .text.LL_RCC_PLL_GetMultiplicator
                0x000000000800424c       0x18 Drivers/STM32F0xx_HAL_Driver/Src/stm32f0xx_ll_rcc.o
 .text.LL_RCC_PLL_GetPrediv
                0x0000000008004264       0x18 Drivers/STM32F0xx_HAL_Driver/Src/stm32f0xx_ll_rcc.o
 .text.LL_RCC_GetSystemClocksFreq
                0x000000000800427c       0x3a Drivers/STM32F0xx_HAL_Driver/Src/stm32f0xx_ll_rcc.o
                0x000000000800427c                LL_RCC_GetSystemClocksFreq
 *fill*         0x00000000080042b6        0x2 
 .text.LL_RCC_GetUSARTClockFreq
                0x00000000080042b8       0x84 Drivers/STM32F0xx_HAL_Driver/Src/stm32f0xx_ll_rcc.o
                0x00000000080042b8                LL_RCC_GetUSARTClockFreq
 .text.RCC_GetSystemClockFreq
                0x000000000800433c       0x48 Drivers/STM32F0xx_HAL_Driver/Src/stm32f0xx_ll_rcc.o
                0x000000000800433c                RCC_GetSystemClockFreq
 .text.RCC_GetHCLKClockFreq
                0x0000000008004384       0x2c Drivers/STM32F0xx_HAL_Driver/Src/stm32f0xx_ll_rcc.o
                0x0000000008004384                RCC_GetHCLKClockFreq
 .text.RCC_GetPCLK1ClockFreq
                0x00000000080043b0       0x28 Drivers/STM32F0xx_HAL_Driver/Src/stm32f0xx_ll_rcc.o
                0x00000000080043b0                RCC_GetPCLK1ClockFreq
 .text.RCC_PLL_GetFreqDomain_SYS
                0x00000000080043d8       0x6c Drivers/STM32F0xx_HAL_Driver/Src/stm32f0xx_ll_rcc.o
                0x00000000080043d8                RCC_PLL_GetFreqDomain_SYS
 .text.LL_USART_IsEnabled
                0x0000000008004444       0x22 Drivers/STM32F0xx_HAL_Driver/Src/stm32f0xx_ll_usart.o
 *fill*         0x0000000008004466        0x2 
 .text.LL_USART_SetStopBitsLength
                0x0000000008004468       0x28 Drivers/STM32F0xx_HAL_Driver/Src/stm32f0xx_ll_usart.o
 .text.LL_USART_SetHWFlowCtrl
                0x0000000008004490       0x28 Drivers/STM32F0xx_HAL_Driver/Src/stm32f0xx_ll_usart.o
 .text.LL_USART_SetBaudRate
                0x00000000080044b8       0x74 Drivers/STM32F0xx_HAL_Driver/Src/stm32f0xx_ll_usart.o
 .text.LL_USART_Init
                0x000000000800452c       0xd0 Drivers/STM32F0xx_HAL_Driver/Src/stm32f0xx_ll_usart.o
                0x000000000800452c                LL_USART_Init
 .text.__libc_init_array
                0x00000000080045fc       0x48 /Applications/STM32CubeIDE.app/Contents/Eclipse/plugins/com.st.stm32cube.ide.mcu.externaltools.gnu-tools-for-stm32.7-2018-q2-update.macos64_1.0.0.201904181610/tools/bin/../lib/gcc/arm-none-eabi/7.3.1/../../../../arm-none-eabi/lib/thumb/v6-m/libc_nano.a(lib_a-init.o)
                0x00000000080045fc                __libc_init_array
 .text.memset   0x0000000008004644       0x10 /Applications/STM32CubeIDE.app/Contents/Eclipse/plugins/com.st.stm32cube.ide.mcu.externaltools.gnu-tools-for-stm32.7-2018-q2-update.macos64_1.0.0.201904181610/tools/bin/../lib/gcc/arm-none-eabi/7.3.1/../../../../arm-none-eabi/lib/thumb/v6-m/libc_nano.a(lib_a-memset.o)
                0x0000000008004644                memset
 *(.glue_7)
 .glue_7        0x0000000008004654        0x0 linker stubs
 *(.glue_7t)
 .glue_7t       0x0000000008004654        0x0 linker stubs
 *(.eh_frame)
 .eh_frame      0x0000000008004654        0x0 /Applications/STM32CubeIDE.app/Contents/Eclipse/plugins/com.st.stm32cube.ide.mcu.externaltools.gnu-tools-for-stm32.7-2018-q2-update.macos64_1.0.0.201904181610/tools/bin/../lib/gcc/arm-none-eabi/7.3.1/thumb/v6-m/crtbegin.o
 *(.init)
 .init          0x0000000008004654        0x4 /Applications/STM32CubeIDE.app/Contents/Eclipse/plugins/com.st.stm32cube.ide.mcu.externaltools.gnu-tools-for-stm32.7-2018-q2-update.macos64_1.0.0.201904181610/tools/bin/../lib/gcc/arm-none-eabi/7.3.1/thumb/v6-m/crti.o
                0x0000000008004654                _init
 .init          0x0000000008004658        0x8 /Applications/STM32CubeIDE.app/Contents/Eclipse/plugins/com.st.stm32cube.ide.mcu.externaltools.gnu-tools-for-stm32.7-2018-q2-update.macos64_1.0.0.201904181610/tools/bin/../lib/gcc/arm-none-eabi/7.3.1/thumb/v6-m/crtn.o
 *(.fini)
 .fini          0x0000000008004660        0x4 /Applications/STM32CubeIDE.app/Contents/Eclipse/plugins/com.st.stm32cube.ide.mcu.externaltools.gnu-tools-for-stm32.7-2018-q2-update.macos64_1.0.0.201904181610/tools/bin/../lib/gcc/arm-none-eabi/7.3.1/thumb/v6-m/crti.o
                0x0000000008004660                _fini
 .fini          0x0000000008004664        0x8 /Applications/STM32CubeIDE.app/Contents/Eclipse/plugins/com.st.stm32cube.ide.mcu.externaltools.gnu-tools-for-stm32.7-2018-q2-update.macos64_1.0.0.201904181610/tools/bin/../lib/gcc/arm-none-eabi/7.3.1/thumb/v6-m/crtn.o
                0x000000000800466c                . = ALIGN (0x4)
                0x000000000800466c                _etext = .

.vfp11_veneer   0x000000000800466c        0x0
 .vfp11_veneer  0x000000000800466c        0x0 linker stubs

.v4_bx          0x000000000800466c        0x0
 .v4_bx         0x000000000800466c        0x0 linker stubs

.iplt           0x000000000800466c        0x0
 .iplt          0x000000000800466c        0x0 /Applications/STM32CubeIDE.app/Contents/Eclipse/plugins/com.st.stm32cube.ide.mcu.externaltools.gnu-tools-for-stm32.7-2018-q2-update.macos64_1.0.0.201904181610/tools/bin/../lib/gcc/arm-none-eabi/7.3.1/thumb/v6-m/crtbegin.o

.rodata         0x000000000800466c       0x9c
                0x000000000800466c                . = ALIGN (0x4)
 *(.rodata)
 .rodata        0x000000000800466c       0x20 Drivers/STM32F0xx_HAL_Driver/Src/stm32f0xx_hal_rcc.o
 *(.rodata*)
 .rodata.setMidiChannel
                0x000000000800468c       0x40 Core/Src/main.o
 .rodata.pwm_switch_on
                0x00000000080046cc       0x24 Core/Src/stm32f0xx_it.o
 .rodata.AHBPrescTable
                0x00000000080046f0       0x10 Core/Src/system_stm32f0xx.o
                0x00000000080046f0                AHBPrescTable
 .rodata.APBPrescTable
                0x0000000008004700        0x8 Core/Src/system_stm32f0xx.o
                0x0000000008004700                APBPrescTable
                0x0000000008004708                . = ALIGN (0x4)

.rel.dyn        0x0000000008004708        0x0
 .rel.iplt      0x0000000008004708        0x0 /Applications/STM32CubeIDE.app/Contents/Eclipse/plugins/com.st.stm32cube.ide.mcu.externaltools.gnu-tools-for-stm32.7-2018-q2-update.macos64_1.0.0.201904181610/tools/bin/../lib/gcc/arm-none-eabi/7.3.1/thumb/v6-m/crtbegin.o

.ARM.extab      0x0000000008004708        0x0
                0x0000000008004708                . = ALIGN (0x4)
 *(.ARM.extab* .gnu.linkonce.armextab.*)
                0x0000000008004708                . = ALIGN (0x4)

.ARM            0x0000000008004708        0x0
                0x0000000008004708                . = ALIGN (0x4)
                0x0000000008004708                __exidx_start = .
 *(.ARM.exidx*)
                0x0000000008004708                __exidx_end = .
                0x0000000008004708                . = ALIGN (0x4)

.preinit_array  0x0000000008004708        0x0
                0x0000000008004708                . = ALIGN (0x4)
                0x0000000008004708                PROVIDE (__preinit_array_start = .)
 *(.preinit_array*)
                0x0000000008004708                PROVIDE (__preinit_array_end = .)
                0x0000000008004708                . = ALIGN (0x4)

.init_array     0x0000000008004708        0x4
                0x0000000008004708                . = ALIGN (0x4)
                0x0000000008004708                PROVIDE (__init_array_start = .)
 *(SORT_BY_NAME(.init_array.*))
 *(.init_array*)
 .init_array    0x0000000008004708        0x4 /Applications/STM32CubeIDE.app/Contents/Eclipse/plugins/com.st.stm32cube.ide.mcu.externaltools.gnu-tools-for-stm32.7-2018-q2-update.macos64_1.0.0.201904181610/tools/bin/../lib/gcc/arm-none-eabi/7.3.1/thumb/v6-m/crtbegin.o
                0x000000000800470c                PROVIDE (__init_array_end = .)
                0x000000000800470c                . = ALIGN (0x4)

.fini_array     0x000000000800470c        0x4
                0x000000000800470c                . = ALIGN (0x4)
                [!provide]                        PROVIDE (__fini_array_start = .)
 *(SORT_BY_NAME(.fini_array.*))
 *(.fini_array*)
 .fini_array    0x000000000800470c        0x4 /Applications/STM32CubeIDE.app/Contents/Eclipse/plugins/com.st.stm32cube.ide.mcu.externaltools.gnu-tools-for-stm32.7-2018-q2-update.macos64_1.0.0.201904181610/tools/bin/../lib/gcc/arm-none-eabi/7.3.1/thumb/v6-m/crtbegin.o
                [!provide]                        PROVIDE (__fini_array_end = .)
                0x0000000008004710                . = ALIGN (0x4)
                0x0000000008004710                _sidata = LOADADDR (.data)

.data           0x0000000020000000       0x14 load address 0x0000000008004710
                0x0000000020000000                . = ALIGN (0x4)
                0x0000000020000000                _sdata = .
 *(.data)
 *(.data*)
 .data.pwm_arr  0x0000000020000000        0x4 Core/Src/main.o
                0x0000000020000000                pwm_arr
 .data.enabledNoteOnCmd
                0x0000000020000004        0x4 Core/Src/stm32f0xx_it.o
                0x0000000020000004                enabledNoteOnCmd
 .data.SystemCoreClock
                0x0000000020000008        0x4 Core/Src/system_stm32f0xx.o
                0x0000000020000008                SystemCoreClock
 .data.uwTickPrio
                0x000000002000000c        0x4 Drivers/STM32F0xx_HAL_Driver/Src/stm32f0xx_hal.o
                0x000000002000000c                uwTickPrio
 .data.uwTickFreq
                0x0000000020000010        0x1 Drivers/STM32F0xx_HAL_Driver/Src/stm32f0xx_hal.o
                0x0000000020000010                uwTickFreq
                0x0000000020000014                . = ALIGN (0x4)
 *fill*         0x0000000020000011        0x3 
                0x0000000020000014                _edata = .

.igot.plt       0x0000000020000014        0x0 load address 0x0000000008004724
 .igot.plt      0x0000000020000014        0x0 /Applications/STM32CubeIDE.app/Contents/Eclipse/plugins/com.st.stm32cube.ide.mcu.externaltools.gnu-tools-for-stm32.7-2018-q2-update.macos64_1.0.0.201904181610/tools/bin/../lib/gcc/arm-none-eabi/7.3.1/thumb/v6-m/crtbegin.o
                0x0000000020000014                . = ALIGN (0x4)

.bss            0x0000000020000014      0x2b8 load address 0x0000000008004724
                0x0000000020000014                _sbss = .
                0x0000000020000014                __bss_start__ = _sbss
 *(.bss)
 .bss           0x0000000020000014       0x1c /Applications/STM32CubeIDE.app/Contents/Eclipse/plugins/com.st.stm32cube.ide.mcu.externaltools.gnu-tools-for-stm32.7-2018-q2-update.macos64_1.0.0.201904181610/tools/bin/../lib/gcc/arm-none-eabi/7.3.1/thumb/v6-m/crtbegin.o
 *(.bss*)
 .bss.newMidiByte
                0x0000000020000030        0x4 Core/Src/stm32f0xx_it.o
                0x0000000020000030                newMidiByte
 .bss.lastMidiCmd
                0x0000000020000034        0x4 Core/Src/stm32f0xx_it.o
                0x0000000020000034                lastMidiCmd
 .bss.runningStatus
                0x0000000020000038        0x4 Core/Src/stm32f0xx_it.o
                0x0000000020000038                runningStatus
 .bss.midiData  0x000000002000003c        0x2 Core/Src/stm32f0xx_it.o
                0x000000002000003c                midiData
 *(COMMON)
 *fill*         0x000000002000003e        0x2 
 COMMON         0x0000000020000040       0x84 Core/Src/adc.o
                0x0000000020000040                hdma_adc
                0x0000000020000084                hadc
 COMMON         0x00000000200000c4      0x101 Core/Src/main.o
                0x00000000200000c4                adc_data_in
                0x00000000200001c4                bootconfig
 *fill*         0x00000000200001c5        0x3 
 COMMON         0x00000000200001c8      0x100 Core/Src/tim.o
                0x00000000200001c8                htim3
                0x0000000020000208                htim1
                0x0000000020000248                htim2
                0x0000000020000288                htim16
 COMMON         0x00000000200002c8        0x4 Drivers/STM32F0xx_HAL_Driver/Src/stm32f0xx_hal.o
                0x00000000200002c8                uwTick
                0x00000000200002cc                . = ALIGN (0x4)
                0x00000000200002cc                _ebss = .
                0x00000000200002cc                __bss_end__ = _ebss

._user_heap_stack
                0x00000000200002cc      0x604 load address 0x0000000008004724
                0x00000000200002d0                . = ALIGN (0x8)
 *fill*         0x00000000200002cc        0x4 
                0x00000000200002d0                PROVIDE (end = .)
                [!provide]                        PROVIDE (_end = .)
                0x00000000200004d0                . = (. + _Min_Heap_Size)
 *fill*         0x00000000200002d0      0x200 
                0x00000000200008d0                . = (. + _Min_Stack_Size)
 *fill*         0x00000000200004d0      0x400 
                0x00000000200008d0                . = ALIGN (0x8)

/DISCARD/
 libc.a(*)
 libm.a(*)
 libgcc.a(*)

.ARM.attributes
                0x0000000000000000       0x28
 *(.ARM.attributes)
 .ARM.attributes
                0x0000000000000000       0x1e /Applications/STM32CubeIDE.app/Contents/Eclipse/plugins/com.st.stm32cube.ide.mcu.externaltools.gnu-tools-for-stm32.7-2018-q2-update.macos64_1.0.0.201904181610/tools/bin/../lib/gcc/arm-none-eabi/7.3.1/thumb/v6-m/crti.o
 .ARM.attributes
                0x000000000000001e       0x2c /Applications/STM32CubeIDE.app/Contents/Eclipse/plugins/com.st.stm32cube.ide.mcu.externaltools.gnu-tools-for-stm32.7-2018-q2-update.macos64_1.0.0.201904181610/tools/bin/../lib/gcc/arm-none-eabi/7.3.1/thumb/v6-m/crtbegin.o
 .ARM.attributes
                0x000000000000004a       0x31 Core/Src/adc.o
 .ARM.attributes
                0x000000000000007b       0x31 Core/Src/dma.o
 .ARM.attributes
                0x00000000000000ac       0x31 Core/Src/gpio.o
 .ARM.attributes
                0x00000000000000dd       0x31 Core/Src/main.o
 .ARM.attributes
                0x000000000000010e       0x31 Core/Src/stm32f0xx_hal_msp.o
 .ARM.attributes
                0x000000000000013f       0x31 Core/Src/stm32f0xx_it.o
 .ARM.attributes
                0x0000000000000170       0x31 Core/Src/system_stm32f0xx.o
 .ARM.attributes
                0x00000000000001a1       0x31 Core/Src/tim.o
 .ARM.attributes
                0x00000000000001d2       0x31 Core/Src/usart.o
 .ARM.attributes
                0x0000000000000203       0x21 Core/Startup/startup_stm32f051k8tx.o
 .ARM.attributes
                0x0000000000000224       0x31 Drivers/STM32F0xx_HAL_Driver/Src/stm32f0xx_hal.o
 .ARM.attributes
                0x0000000000000255       0x31 Drivers/STM32F0xx_HAL_Driver/Src/stm32f0xx_hal_adc.o
 .ARM.attributes
                0x0000000000000286       0x31 Drivers/STM32F0xx_HAL_Driver/Src/stm32f0xx_hal_adc_ex.o
 .ARM.attributes
                0x00000000000002b7       0x31 Drivers/STM32F0xx_HAL_Driver/Src/stm32f0xx_hal_cortex.o
 .ARM.attributes
                0x00000000000002e8       0x31 Drivers/STM32F0xx_HAL_Driver/Src/stm32f0xx_hal_dma.o
 .ARM.attributes
                0x0000000000000319       0x31 Drivers/STM32F0xx_HAL_Driver/Src/stm32f0xx_hal_gpio.o
 .ARM.attributes
                0x000000000000034a       0x31 Drivers/STM32F0xx_HAL_Driver/Src/stm32f0xx_hal_rcc.o
 .ARM.attributes
                0x000000000000037b       0x31 Drivers/STM32F0xx_HAL_Driver/Src/stm32f0xx_hal_rcc_ex.o
 .ARM.attributes
                0x00000000000003ac       0x31 Drivers/STM32F0xx_HAL_Driver/Src/stm32f0xx_hal_tim.o
 .ARM.attributes
                0x00000000000003dd       0x31 Drivers/STM32F0xx_HAL_Driver/Src/stm32f0xx_hal_tim_ex.o
 .ARM.attributes
                0x000000000000040e       0x31 Drivers/STM32F0xx_HAL_Driver/Src/stm32f0xx_ll_gpio.o
 .ARM.attributes
                0x000000000000043f       0x31 Drivers/STM32F0xx_HAL_Driver/Src/stm32f0xx_ll_rcc.o
 .ARM.attributes
                0x0000000000000470       0x31 Drivers/STM32F0xx_HAL_Driver/Src/stm32f0xx_ll_usart.o
 .ARM.attributes
                0x00000000000004a1       0x2c /Applications/STM32CubeIDE.app/Contents/Eclipse/plugins/com.st.stm32cube.ide.mcu.externaltools.gnu-tools-for-stm32.7-2018-q2-update.macos64_1.0.0.201904181610/tools/bin/../lib/gcc/arm-none-eabi/7.3.1/../../../../arm-none-eabi/lib/thumb/v6-m/libc_nano.a(lib_a-init.o)
 .ARM.attributes
                0x00000000000004cd       0x2c /Applications/STM32CubeIDE.app/Contents/Eclipse/plugins/com.st.stm32cube.ide.mcu.externaltools.gnu-tools-for-stm32.7-2018-q2-update.macos64_1.0.0.201904181610/tools/bin/../lib/gcc/arm-none-eabi/7.3.1/../../../../arm-none-eabi/lib/thumb/v6-m/libc_nano.a(lib_a-memset.o)
 .ARM.attributes
                0x00000000000004f9       0x1e /Applications/STM32CubeIDE.app/Contents/Eclipse/plugins/com.st.stm32cube.ide.mcu.externaltools.gnu-tools-for-stm32.7-2018-q2-update.macos64_1.0.0.201904181610/tools/bin/../lib/gcc/arm-none-eabi/7.3.1/thumb/v6-m/libgcc.a(_udivsi3.o)
 .ARM.attributes
                0x0000000000000517       0x1e /Applications/STM32CubeIDE.app/Contents/Eclipse/plugins/com.st.stm32cube.ide.mcu.externaltools.gnu-tools-for-stm32.7-2018-q2-update.macos64_1.0.0.201904181610/tools/bin/../lib/gcc/arm-none-eabi/7.3.1/thumb/v6-m/libgcc.a(_dvmd_tls.o)
 .ARM.attributes
                0x0000000000000535       0x1e /Applications/STM32CubeIDE.app/Contents/Eclipse/plugins/com.st.stm32cube.ide.mcu.externaltools.gnu-tools-for-stm32.7-2018-q2-update.macos64_1.0.0.201904181610/tools/bin/../lib/gcc/arm-none-eabi/7.3.1/thumb/v6-m/crtn.o
OUTPUT(MidiLedController_sw_2.elf elf32-littlearm)

.debug_info     0x0000000000000000     0xd499
 .debug_info    0x0000000000000000      0x8cf Core/Src/adc.o
 .debug_info    0x00000000000008cf      0x37f Core/Src/dma.o
 .debug_info    0x0000000000000c4e      0x3e2 Core/Src/gpio.o
 .debug_info    0x0000000000001030     0x14d5 Core/Src/main.o
 .debug_info    0x0000000000002505      0x2c1 Core/Src/stm32f0xx_hal_msp.o
 .debug_info    0x00000000000027c6     0x10ad Core/Src/stm32f0xx_it.o
 .debug_info    0x0000000000003873      0x29e Core/Src/system_stm32f0xx.o
 .debug_info    0x0000000000003b11      0xd23 Core/Src/tim.o
 .debug_info    0x0000000000004834      0x892 Core/Src/usart.o
 .debug_info    0x00000000000050c6       0x22 Core/Startup/startup_stm32f051k8tx.o
 .debug_info    0x00000000000050e8      0x6a8 Drivers/STM32F0xx_HAL_Driver/Src/stm32f0xx_hal.o
 .debug_info    0x0000000000005790      0xc9f Drivers/STM32F0xx_HAL_Driver/Src/stm32f0xx_hal_adc.o
 .debug_info    0x000000000000642f      0x5fa Drivers/STM32F0xx_HAL_Driver/Src/stm32f0xx_hal_adc_ex.o
 .debug_info    0x0000000000006a29      0x77a Drivers/STM32F0xx_HAL_Driver/Src/stm32f0xx_hal_cortex.o
 .debug_info    0x00000000000071a3      0x79f Drivers/STM32F0xx_HAL_Driver/Src/stm32f0xx_hal_dma.o
 .debug_info    0x0000000000007942      0x673 Drivers/STM32F0xx_HAL_Driver/Src/stm32f0xx_hal_gpio.o
 .debug_info    0x0000000000007fb5      0x821 Drivers/STM32F0xx_HAL_Driver/Src/stm32f0xx_hal_rcc.o
 .debug_info    0x00000000000087d6      0x3d8 Drivers/STM32F0xx_HAL_Driver/Src/stm32f0xx_hal_rcc_ex.o
 .debug_info    0x0000000000008bae     0x2522 Drivers/STM32F0xx_HAL_Driver/Src/stm32f0xx_hal_tim.o
 .debug_info    0x000000000000b0d0     0x10e6 Drivers/STM32F0xx_HAL_Driver/Src/stm32f0xx_hal_tim_ex.o
 .debug_info    0x000000000000c1b6      0x5de Drivers/STM32F0xx_HAL_Driver/Src/stm32f0xx_ll_gpio.o
 .debug_info    0x000000000000c794      0x610 Drivers/STM32F0xx_HAL_Driver/Src/stm32f0xx_ll_rcc.o
 .debug_info    0x000000000000cda4      0x6f5 Drivers/STM32F0xx_HAL_Driver/Src/stm32f0xx_ll_usart.o

.debug_abbrev   0x0000000000000000     0x275f
 .debug_abbrev  0x0000000000000000      0x1aa Core/Src/adc.o
 .debug_abbrev  0x00000000000001aa      0x107 Core/Src/dma.o
 .debug_abbrev  0x00000000000002b1      0x134 Core/Src/gpio.o
 .debug_abbrev  0x00000000000003e5      0x26b Core/Src/main.o
 .debug_abbrev  0x0000000000000650      0x109 Core/Src/stm32f0xx_hal_msp.o
 .debug_abbrev  0x0000000000000759      0x270 Core/Src/stm32f0xx_it.o
 .debug_abbrev  0x00000000000009c9      0x12b Core/Src/system_stm32f0xx.o
 .debug_abbrev  0x0000000000000af4      0x237 Core/Src/tim.o
 .debug_abbrev  0x0000000000000d2b      0x1d2 Core/Src/usart.o
 .debug_abbrev  0x0000000000000efd       0x12 Core/Startup/startup_stm32f051k8tx.o
 .debug_abbrev  0x0000000000000f0f      0x1f2 Drivers/STM32F0xx_HAL_Driver/Src/stm32f0xx_hal.o
 .debug_abbrev  0x0000000000001101      0x1cf Drivers/STM32F0xx_HAL_Driver/Src/stm32f0xx_hal_adc.o
 .debug_abbrev  0x00000000000012d0      0x133 Drivers/STM32F0xx_HAL_Driver/Src/stm32f0xx_hal_adc_ex.o
 .debug_abbrev  0x0000000000001403      0x273 Drivers/STM32F0xx_HAL_Driver/Src/stm32f0xx_hal_cortex.o
 .debug_abbrev  0x0000000000001676      0x1ed Drivers/STM32F0xx_HAL_Driver/Src/stm32f0xx_hal_dma.o
 .debug_abbrev  0x0000000000001863      0x1c0 Drivers/STM32F0xx_HAL_Driver/Src/stm32f0xx_hal_gpio.o
 .debug_abbrev  0x0000000000001a23      0x20f Drivers/STM32F0xx_HAL_Driver/Src/stm32f0xx_hal_rcc.o
 .debug_abbrev  0x0000000000001c32      0x175 Drivers/STM32F0xx_HAL_Driver/Src/stm32f0xx_hal_rcc_ex.o
 .debug_abbrev  0x0000000000001da7      0x23f Drivers/STM32F0xx_HAL_Driver/Src/stm32f0xx_hal_tim.o
 .debug_abbrev  0x0000000000001fe6      0x22d Drivers/STM32F0xx_HAL_Driver/Src/stm32f0xx_hal_tim_ex.o
 .debug_abbrev  0x0000000000002213      0x1a2 Drivers/STM32F0xx_HAL_Driver/Src/stm32f0xx_ll_gpio.o
 .debug_abbrev  0x00000000000023b5      0x1e1 Drivers/STM32F0xx_HAL_Driver/Src/stm32f0xx_ll_rcc.o
 .debug_abbrev  0x0000000000002596      0x1c9 Drivers/STM32F0xx_HAL_Driver/Src/stm32f0xx_ll_usart.o

.debug_aranges  0x0000000000000000      0xd70
 .debug_aranges
                0x0000000000000000       0x30 Core/Src/adc.o
 .debug_aranges
                0x0000000000000030       0x20 Core/Src/dma.o
 .debug_aranges
                0x0000000000000050       0x20 Core/Src/gpio.o
 .debug_aranges
                0x0000000000000070       0x40 Core/Src/main.o
 .debug_aranges
                0x00000000000000b0       0x20 Core/Src/stm32f0xx_hal_msp.o
 .debug_aranges
                0x00000000000000d0       0x68 Core/Src/stm32f0xx_it.o
 .debug_aranges
                0x0000000000000138       0x28 Core/Src/system_stm32f0xx.o
 .debug_aranges
                0x0000000000000160       0x60 Core/Src/tim.o
 .debug_aranges
                0x00000000000001c0       0x58 Core/Src/usart.o
 .debug_aranges
                0x0000000000000218       0x28 Core/Startup/startup_stm32f051k8tx.o
 .debug_aranges
                0x0000000000000240       0xd0 Drivers/STM32F0xx_HAL_Driver/Src/stm32f0xx_hal.o
 .debug_aranges
                0x0000000000000310       0xf8 Drivers/STM32F0xx_HAL_Driver/Src/stm32f0xx_hal_adc.o
 .debug_aranges
                0x0000000000000408       0x20 Drivers/STM32F0xx_HAL_Driver/Src/stm32f0xx_hal_adc_ex.o
 .debug_aranges
                0x0000000000000428       0xc0 Drivers/STM32F0xx_HAL_Driver/Src/stm32f0xx_hal_cortex.o
 .debug_aranges
                0x00000000000004e8       0x88 Drivers/STM32F0xx_HAL_Driver/Src/stm32f0xx_hal_dma.o
 .debug_aranges
                0x0000000000000570       0x58 Drivers/STM32F0xx_HAL_Driver/Src/stm32f0xx_hal_gpio.o
 .debug_aranges
                0x00000000000005c8       0x80 Drivers/STM32F0xx_HAL_Driver/Src/stm32f0xx_hal_rcc.o
 .debug_aranges
                0x0000000000000648       0x30 Drivers/STM32F0xx_HAL_Driver/Src/stm32f0xx_hal_rcc_ex.o
 .debug_aranges
                0x0000000000000678      0x3b8 Drivers/STM32F0xx_HAL_Driver/Src/stm32f0xx_hal_tim.o
 .debug_aranges
                0x0000000000000a30      0x150 Drivers/STM32F0xx_HAL_Driver/Src/stm32f0xx_hal_tim_ex.o
 .debug_aranges
                0x0000000000000b80       0x70 Drivers/STM32F0xx_HAL_Driver/Src/stm32f0xx_ll_gpio.o
 .debug_aranges
                0x0000000000000bf0       0xf8 Drivers/STM32F0xx_HAL_Driver/Src/stm32f0xx_ll_rcc.o
 .debug_aranges
                0x0000000000000ce8       0x88 Drivers/STM32F0xx_HAL_Driver/Src/stm32f0xx_ll_usart.o

.debug_ranges   0x0000000000000000      0xc08
 .debug_ranges  0x0000000000000000       0x20 Core/Src/adc.o
 .debug_ranges  0x0000000000000020       0x10 Core/Src/dma.o
 .debug_ranges  0x0000000000000030       0x10 Core/Src/gpio.o
 .debug_ranges  0x0000000000000040       0x30 Core/Src/main.o
 .debug_ranges  0x0000000000000070       0x10 Core/Src/stm32f0xx_hal_msp.o
 .debug_ranges  0x0000000000000080       0x58 Core/Src/stm32f0xx_it.o
 .debug_ranges  0x00000000000000d8       0x18 Core/Src/system_stm32f0xx.o
 .debug_ranges  0x00000000000000f0       0x50 Core/Src/tim.o
 .debug_ranges  0x0000000000000140       0x48 Core/Src/usart.o
 .debug_ranges  0x0000000000000188       0x20 Core/Startup/startup_stm32f051k8tx.o
 .debug_ranges  0x00000000000001a8       0xc0 Drivers/STM32F0xx_HAL_Driver/Src/stm32f0xx_hal.o
 .debug_ranges  0x0000000000000268       0xe8 Drivers/STM32F0xx_HAL_Driver/Src/stm32f0xx_hal_adc.o
 .debug_ranges  0x0000000000000350       0x10 Drivers/STM32F0xx_HAL_Driver/Src/stm32f0xx_hal_adc_ex.o
 .debug_ranges  0x0000000000000360       0xb0 Drivers/STM32F0xx_HAL_Driver/Src/stm32f0xx_hal_cortex.o
 .debug_ranges  0x0000000000000410       0x78 Drivers/STM32F0xx_HAL_Driver/Src/stm32f0xx_hal_dma.o
 .debug_ranges  0x0000000000000488       0x48 Drivers/STM32F0xx_HAL_Driver/Src/stm32f0xx_hal_gpio.o
 .debug_ranges  0x00000000000004d0       0x70 Drivers/STM32F0xx_HAL_Driver/Src/stm32f0xx_hal_rcc.o
 .debug_ranges  0x0000000000000540       0x20 Drivers/STM32F0xx_HAL_Driver/Src/stm32f0xx_hal_rcc_ex.o
 .debug_ranges  0x0000000000000560      0x3a8 Drivers/STM32F0xx_HAL_Driver/Src/stm32f0xx_hal_tim.o
 .debug_ranges  0x0000000000000908      0x140 Drivers/STM32F0xx_HAL_Driver/Src/stm32f0xx_hal_tim_ex.o
 .debug_ranges  0x0000000000000a48       0x60 Drivers/STM32F0xx_HAL_Driver/Src/stm32f0xx_ll_gpio.o
 .debug_ranges  0x0000000000000aa8       0xe8 Drivers/STM32F0xx_HAL_Driver/Src/stm32f0xx_ll_rcc.o
 .debug_ranges  0x0000000000000b90       0x78 Drivers/STM32F0xx_HAL_Driver/Src/stm32f0xx_ll_usart.o

.debug_macro    0x0000000000000000    0x115d7
 .debug_macro   0x0000000000000000      0x22c Core/Src/adc.o
 .debug_macro   0x000000000000022c      0xa4e Core/Src/adc.o
 .debug_macro   0x0000000000000c7a      0x133 Core/Src/adc.o
 .debug_macro   0x0000000000000dad       0x2e Core/Src/adc.o
 .debug_macro   0x0000000000000ddb       0x22 Core/Src/adc.o
 .debug_macro   0x0000000000000dfd       0x22 Core/Src/adc.o
 .debug_macro   0x0000000000000e1f       0x8e Core/Src/adc.o
 .debug_macro   0x0000000000000ead       0x51 Core/Src/adc.o
 .debug_macro   0x0000000000000efe       0xef Core/Src/adc.o
 .debug_macro   0x0000000000000fed       0x6a Core/Src/adc.o
 .debug_macro   0x0000000000001057      0x1df Core/Src/adc.o
 .debug_macro   0x0000000000001236       0x1c Core/Src/adc.o
 .debug_macro   0x0000000000001252       0x22 Core/Src/adc.o
 .debug_macro   0x0000000000001274       0xb5 Core/Src/adc.o
 .debug_macro   0x0000000000001329      0x391 Core/Src/adc.o
 .debug_macro   0x00000000000016ba     0x8cdd Core/Src/adc.o
 .debug_macro   0x000000000000a397       0x3c Core/Src/adc.o
 .debug_macro   0x000000000000a3d3      0x174 Core/Src/adc.o
 .debug_macro   0x000000000000a547       0x53 Core/Src/adc.o
 .debug_macro   0x000000000000a59a      0x924 Core/Src/adc.o
 .debug_macro   0x000000000000aebe      0x251 Core/Src/adc.o
 .debug_macro   0x000000000000b10f      0x12f Core/Src/adc.o
 .debug_macro   0x000000000000b23e      0x114 Core/Src/adc.o
 .debug_macro   0x000000000000b352      0x1a0 Core/Src/adc.o
 .debug_macro   0x000000000000b4f2      0x1ed Core/Src/adc.o
 .debug_macro   0x000000000000b6df       0x34 Core/Src/adc.o
 .debug_macro   0x000000000000b713       0x43 Core/Src/adc.o
 .debug_macro   0x000000000000b756       0x28 Core/Src/adc.o
 .debug_macro   0x000000000000b77e      0x33d Core/Src/adc.o
 .debug_macro   0x000000000000babb       0xd4 Core/Src/adc.o
 .debug_macro   0x000000000000bb8f       0xb0 Core/Src/adc.o
 .debug_macro   0x000000000000bc3f      0x199 Core/Src/adc.o
 .debug_macro   0x000000000000bdd8      0x22c Core/Src/adc.o
 .debug_macro   0x000000000000c004       0x5f Core/Src/adc.o
 .debug_macro   0x000000000000c063       0xa5 Core/Src/adc.o
 .debug_macro   0x000000000000c108       0x4c Core/Src/adc.o
 .debug_macro   0x000000000000c154      0x112 Core/Src/adc.o
 .debug_macro   0x000000000000c266      0x8ae Core/Src/adc.o
 .debug_macro   0x000000000000cb14       0x28 Core/Src/adc.o
 .debug_macro   0x000000000000cb3c      0x114 Core/Src/adc.o
 .debug_macro   0x000000000000cc50      0x2e2 Core/Src/adc.o
 .debug_macro   0x000000000000cf32      0x3e9 Core/Src/adc.o
 .debug_macro   0x000000000000d31b       0xe5 Core/Src/adc.o
 .debug_macro   0x000000000000d400       0x16 Core/Src/adc.o
 .debug_macro   0x000000000000d416      0x184 Core/Src/adc.o
 .debug_macro   0x000000000000d59a       0x2a Core/Src/adc.o
 .debug_macro   0x000000000000d5c4       0xa7 Core/Src/adc.o
 .debug_macro   0x000000000000d66b      0x11f Core/Src/adc.o
 .debug_macro   0x000000000000d78a      0x215 Core/Src/adc.o
 .debug_macro   0x000000000000d99f       0xef Core/Src/adc.o
 .debug_macro   0x000000000000da8e       0x3a Core/Src/adc.o
 .debug_macro   0x000000000000dac8      0x22c Core/Src/dma.o
 .debug_macro   0x000000000000dcf4      0x22c Core/Src/gpio.o
 .debug_macro   0x000000000000df20      0x2ff Core/Src/main.o
 .debug_macro   0x000000000000e21f       0x46 Core/Src/main.o
 .debug_macro   0x000000000000e265       0x18 Core/Src/main.o
 .debug_macro   0x000000000000e27d       0x3c Core/Src/main.o
 .debug_macro   0x000000000000e2b9       0x34 Core/Src/main.o
 .debug_macro   0x000000000000e2ed       0x52 Core/Src/main.o
 .debug_macro   0x000000000000e33f       0x1f Core/Src/main.o
 .debug_macro   0x000000000000e35e       0x43 Core/Src/main.o
 .debug_macro   0x000000000000e3a1       0x20 Core/Src/main.o
 .debug_macro   0x000000000000e3c1      0x1a3 Core/Src/main.o
 .debug_macro   0x000000000000e564      0x32a Core/Src/main.o
 .debug_macro   0x000000000000e88e      0x1e1 Core/Src/main.o
 .debug_macro   0x000000000000ea6f       0xb2 Core/Src/main.o
 .debug_macro   0x000000000000eb21      0x222 Core/Src/stm32f0xx_hal_msp.o
 .debug_macro   0x000000000000ed43      0x2c9 Core/Src/stm32f0xx_it.o
 .debug_macro   0x000000000000f00c      0x1b9 Core/Src/system_stm32f0xx.o
 .debug_macro   0x000000000000f1c5      0x22c Core/Src/tim.o
 .debug_macro   0x000000000000f3f1      0x22c Core/Src/usart.o
 .debug_macro   0x000000000000f61d      0x1dd Drivers/STM32F0xx_HAL_Driver/Src/stm32f0xx_hal.o
 .debug_macro   0x000000000000f7fa      0x1dd Drivers/STM32F0xx_HAL_Driver/Src/stm32f0xx_hal_adc.o
 .debug_macro   0x000000000000f9d7      0x1c5 Drivers/STM32F0xx_HAL_Driver/Src/stm32f0xx_hal_adc_ex.o
 .debug_macro   0x000000000000fb9c      0x1b9 Drivers/STM32F0xx_HAL_Driver/Src/stm32f0xx_hal_cortex.o
 .debug_macro   0x000000000000fd55      0x1b9 Drivers/STM32F0xx_HAL_Driver/Src/stm32f0xx_hal_dma.o
 .debug_macro   0x000000000000ff0e      0x1f1 Drivers/STM32F0xx_HAL_Driver/Src/stm32f0xx_hal_gpio.o
 .debug_macro   0x00000000000100ff      0x1cb Drivers/STM32F0xx_HAL_Driver/Src/stm32f0xx_hal_rcc.o
 .debug_macro   0x00000000000102ca      0x1b9 Drivers/STM32F0xx_HAL_Driver/Src/stm32f0xx_hal_rcc_ex.o
 .debug_macro   0x0000000000010483      0x1ba Drivers/STM32F0xx_HAL_Driver/Src/stm32f0xx_hal_tim.o
 .debug_macro   0x000000000001063d      0x1b9 Drivers/STM32F0xx_HAL_Driver/Src/stm32f0xx_hal_tim_ex.o
 .debug_macro   0x00000000000107f6      0x1fb Drivers/STM32F0xx_HAL_Driver/Src/stm32f0xx_ll_gpio.o
 .debug_macro   0x00000000000109f1      0x119 Drivers/STM32F0xx_HAL_Driver/Src/stm32f0xx_ll_gpio.o
 .debug_macro   0x0000000000010b0a      0x1e0 Drivers/STM32F0xx_HAL_Driver/Src/stm32f0xx_ll_rcc.o
 .debug_macro   0x0000000000010cea      0x3e3 Drivers/STM32F0xx_HAL_Driver/Src/stm32f0xx_ll_rcc.o
 .debug_macro   0x00000000000110cd      0x22e Drivers/STM32F0xx_HAL_Driver/Src/stm32f0xx_ll_usart.o
 .debug_macro   0x00000000000112fb      0x2dc Drivers/STM32F0xx_HAL_Driver/Src/stm32f0xx_ll_usart.o

.debug_line     0x0000000000000000     0xd386
 .debug_line    0x0000000000000000      0x7f9 Core/Src/adc.o
 .debug_line    0x00000000000007f9      0x7ad Core/Src/dma.o
 .debug_line    0x0000000000000fa6      0x7b3 Core/Src/gpio.o
 .debug_line    0x0000000000001759      0x9dc Core/Src/main.o
 .debug_line    0x0000000000002135      0x7b2 Core/Src/stm32f0xx_hal_msp.o
 .debug_line    0x00000000000028e7      0x9e5 Core/Src/stm32f0xx_it.o
 .debug_line    0x00000000000032cc      0x6e4 Core/Src/system_stm32f0xx.o
 .debug_line    0x00000000000039b0      0x8ed Core/Src/tim.o
 .debug_line    0x000000000000429d      0x868 Core/Src/usart.o
 .debug_line    0x0000000000004b05       0x89 Core/Startup/startup_stm32f051k8tx.o
 .debug_line    0x0000000000004b8e      0x880 Drivers/STM32F0xx_HAL_Driver/Src/stm32f0xx_hal.o
 .debug_line    0x000000000000540e      0xc5d Drivers/STM32F0xx_HAL_Driver/Src/stm32f0xx_hal_adc.o
 .debug_line    0x000000000000606b      0x720 Drivers/STM32F0xx_HAL_Driver/Src/stm32f0xx_hal_adc_ex.o
 .debug_line    0x000000000000678b      0x898 Drivers/STM32F0xx_HAL_Driver/Src/stm32f0xx_hal_cortex.o
 .debug_line    0x0000000000007023      0x8de Drivers/STM32F0xx_HAL_Driver/Src/stm32f0xx_hal_dma.o
 .debug_line    0x0000000000007901      0x845 Drivers/STM32F0xx_HAL_Driver/Src/stm32f0xx_hal_gpio.o
 .debug_line    0x0000000000008146      0x941 Drivers/STM32F0xx_HAL_Driver/Src/stm32f0xx_hal_rcc.o
 .debug_line    0x0000000000008a87      0x7bf Drivers/STM32F0xx_HAL_Driver/Src/stm32f0xx_hal_rcc_ex.o
 .debug_line    0x0000000000009246     0x1ab2 Drivers/STM32F0xx_HAL_Driver/Src/stm32f0xx_hal_tim.o
 .debug_line    0x000000000000acf8      0xccc Drivers/STM32F0xx_HAL_Driver/Src/stm32f0xx_hal_tim_ex.o
 .debug_line    0x000000000000b9c4      0x804 Drivers/STM32F0xx_HAL_Driver/Src/stm32f0xx_ll_gpio.o
 .debug_line    0x000000000000c1c8      0x956 Drivers/STM32F0xx_HAL_Driver/Src/stm32f0xx_ll_rcc.o
 .debug_line    0x000000000000cb1e      0x868 Drivers/STM32F0xx_HAL_Driver/Src/stm32f0xx_ll_usart.o

.debug_str      0x0000000000000000    0x5d423
 .debug_str     0x0000000000000000    0x55b3f Core/Src/adc.o
                                      0x55f97 (size before relaxing)
 .debug_str     0x0000000000055b3f      0x16e Core/Src/dma.o
                                      0x55cd4 (size before relaxing)
 .debug_str     0x0000000000055cad       0x2a Core/Src/gpio.o
                                      0x55ba5 (size before relaxing)
 .debug_str     0x0000000000055cd7     0x3d2e Core/Src/main.o
                                      0x59c9e (size before relaxing)
 .debug_str     0x0000000000059a05       0x2c Core/Src/stm32f0xx_hal_msp.o
                                      0x55b26 (size before relaxing)
 .debug_str     0x0000000000059a31       0xd3 Core/Src/stm32f0xx_it.o
                                      0x59957 (size before relaxing)
 .debug_str     0x0000000000059b04       0x5f Core/Src/system_stm32f0xx.o
                                      0x4fdcd (size before relaxing)
 .debug_str     0x0000000000059b63      0x259 Core/Src/tim.o
                                      0x563a6 (size before relaxing)
 .debug_str     0x0000000000059dbc      0x19e Core/Src/usart.o
                                      0x55f4b (size before relaxing)
 .debug_str     0x0000000000059f5a       0x36 Core/Startup/startup_stm32f051k8tx.o
                                         0x97 (size before relaxing)
 .debug_str     0x0000000000059f90      0x39c Drivers/STM32F0xx_HAL_Driver/Src/stm32f0xx_hal.o
                                      0x5030b (size before relaxing)
 .debug_str     0x000000000005a32c      0x387 Drivers/STM32F0xx_HAL_Driver/Src/stm32f0xx_hal_adc.o
                                      0x504cd (size before relaxing)
 .debug_str     0x000000000005a6b3       0xa8 Drivers/STM32F0xx_HAL_Driver/Src/stm32f0xx_hal_adc_ex.o
                                      0x50186 (size before relaxing)
 .debug_str     0x000000000005a75b      0x18a Drivers/STM32F0xx_HAL_Driver/Src/stm32f0xx_hal_cortex.o
                                      0x501bf (size before relaxing)
 .debug_str     0x000000000005a8e5      0x252 Drivers/STM32F0xx_HAL_Driver/Src/stm32f0xx_hal_dma.o
                                      0x501a5 (size before relaxing)
 .debug_str     0x000000000005ab37      0x224 Drivers/STM32F0xx_HAL_Driver/Src/stm32f0xx_hal_gpio.o
                                      0x50069 (size before relaxing)
 .debug_str     0x000000000005ad5b      0x254 Drivers/STM32F0xx_HAL_Driver/Src/stm32f0xx_hal_rcc.o
                                      0x501d7 (size before relaxing)
 .debug_str     0x000000000005afaf       0xa7 Drivers/STM32F0xx_HAL_Driver/Src/stm32f0xx_hal_rcc_ex.o
                                      0x4ff1b (size before relaxing)
 .debug_str     0x000000000005b056      0xd30 Drivers/STM32F0xx_HAL_Driver/Src/stm32f0xx_hal_tim.o
                                      0x50fc6 (size before relaxing)
 .debug_str     0x000000000005bd86      0x49b Drivers/STM32F0xx_HAL_Driver/Src/stm32f0xx_hal_tim_ex.o
                                      0x5077a (size before relaxing)
 .debug_str     0x000000000005c221      0x52c Drivers/STM32F0xx_HAL_Driver/Src/stm32f0xx_ll_gpio.o
                                      0x5101d (size before relaxing)
 .debug_str     0x000000000005c74d      0x46b Drivers/STM32F0xx_HAL_Driver/Src/stm32f0xx_ll_rcc.o
                                      0x51d17 (size before relaxing)
 .debug_str     0x000000000005cbb8      0x86b Drivers/STM32F0xx_HAL_Driver/Src/stm32f0xx_ll_usart.o
                                      0x53887 (size before relaxing)

.comment        0x0000000000000000       0x7b
 .comment       0x0000000000000000       0x7b Core/Src/adc.o
                                         0x7c (size before relaxing)
 .comment       0x000000000000007b       0x7c Core/Src/dma.o
 .comment       0x000000000000007b       0x7c Core/Src/gpio.o
 .comment       0x000000000000007b       0x7c Core/Src/main.o
 .comment       0x000000000000007b       0x7c Core/Src/stm32f0xx_hal_msp.o
 .comment       0x000000000000007b       0x7c Core/Src/stm32f0xx_it.o
 .comment       0x000000000000007b       0x7c Core/Src/system_stm32f0xx.o
 .comment       0x000000000000007b       0x7c Core/Src/tim.o
 .comment       0x000000000000007b       0x7c Core/Src/usart.o
 .comment       0x000000000000007b       0x7c Drivers/STM32F0xx_HAL_Driver/Src/stm32f0xx_hal.o
 .comment       0x000000000000007b       0x7c Drivers/STM32F0xx_HAL_Driver/Src/stm32f0xx_hal_adc.o
 .comment       0x000000000000007b       0x7c Drivers/STM32F0xx_HAL_Driver/Src/stm32f0xx_hal_adc_ex.o
 .comment       0x000000000000007b       0x7c Drivers/STM32F0xx_HAL_Driver/Src/stm32f0xx_hal_cortex.o
 .comment       0x000000000000007b       0x7c Drivers/STM32F0xx_HAL_Driver/Src/stm32f0xx_hal_dma.o
 .comment       0x000000000000007b       0x7c Drivers/STM32F0xx_HAL_Driver/Src/stm32f0xx_hal_gpio.o
 .comment       0x000000000000007b       0x7c Drivers/STM32F0xx_HAL_Driver/Src/stm32f0xx_hal_rcc.o
 .comment       0x000000000000007b       0x7c Drivers/STM32F0xx_HAL_Driver/Src/stm32f0xx_hal_rcc_ex.o
 .comment       0x000000000000007b       0x7c Drivers/STM32F0xx_HAL_Driver/Src/stm32f0xx_hal_tim.o
 .comment       0x000000000000007b       0x7c Drivers/STM32F0xx_HAL_Driver/Src/stm32f0xx_hal_tim_ex.o
 .comment       0x000000000000007b       0x7c Drivers/STM32F0xx_HAL_Driver/Src/stm32f0xx_ll_gpio.o
 .comment       0x000000000000007b       0x7c Drivers/STM32F0xx_HAL_Driver/Src/stm32f0xx_ll_rcc.o
 .comment       0x000000000000007b       0x7c Drivers/STM32F0xx_HAL_Driver/Src/stm32f0xx_ll_usart.o

.debug_frame    0x0000000000000000     0x2dd8
 .debug_frame   0x0000000000000000       0x70 Core/Src/adc.o
 .debug_frame   0x0000000000000070       0x30 Core/Src/dma.o
 .debug_frame   0x00000000000000a0       0x30 Core/Src/gpio.o
 .debug_frame   0x00000000000000d0       0xa4 Core/Src/main.o
 .debug_frame   0x0000000000000174       0x30 Core/Src/stm32f0xx_hal_msp.o
 .debug_frame   0x00000000000001a4      0x12c Core/Src/stm32f0xx_it.o
 .debug_frame   0x00000000000002d0       0x4c Core/Src/system_stm32f0xx.o
 .debug_frame   0x000000000000031c      0x12c Core/Src/tim.o
 .debug_frame   0x0000000000000448      0x110 Core/Src/usart.o
 .debug_frame   0x0000000000000558      0x2a4 Drivers/STM32F0xx_HAL_Driver/Src/stm32f0xx_hal.o
 .debug_frame   0x00000000000007fc      0x3a0 Drivers/STM32F0xx_HAL_Driver/Src/stm32f0xx_hal_adc.o
 .debug_frame   0x0000000000000b9c       0x30 Drivers/STM32F0xx_HAL_Driver/Src/stm32f0xx_hal_adc_ex.o
 .debug_frame   0x0000000000000bcc      0x2a0 Drivers/STM32F0xx_HAL_Driver/Src/stm32f0xx_hal_cortex.o
 .debug_frame   0x0000000000000e6c      0x1d0 Drivers/STM32F0xx_HAL_Driver/Src/stm32f0xx_hal_dma.o
 .debug_frame   0x000000000000103c      0x110 Drivers/STM32F0xx_HAL_Driver/Src/stm32f0xx_hal_gpio.o
 .debug_frame   0x000000000000114c      0x198 Drivers/STM32F0xx_HAL_Driver/Src/stm32f0xx_hal_rcc.o
 .debug_frame   0x00000000000012e4       0x70 Drivers/STM32F0xx_HAL_Driver/Src/stm32f0xx_hal_rcc_ex.o
 .debug_frame   0x0000000000001354      0xe90 Drivers/STM32F0xx_HAL_Driver/Src/stm32f0xx_hal_tim.o
 .debug_frame   0x00000000000021e4      0x4f0 Drivers/STM32F0xx_HAL_Driver/Src/stm32f0xx_hal_tim_ex.o
 .debug_frame   0x00000000000026d4      0x170 Drivers/STM32F0xx_HAL_Driver/Src/stm32f0xx_ll_gpio.o
 .debug_frame   0x0000000000002844      0x358 Drivers/STM32F0xx_HAL_Driver/Src/stm32f0xx_ll_rcc.o
 .debug_frame   0x0000000000002b9c      0x1d0 Drivers/STM32F0xx_HAL_Driver/Src/stm32f0xx_ll_usart.o
 .debug_frame   0x0000000000002d6c       0x2c /Applications/STM32CubeIDE.app/Contents/Eclipse/plugins/com.st.stm32cube.ide.mcu.externaltools.gnu-tools-for-stm32.7-2018-q2-update.macos64_1.0.0.201904181610/tools/bin/../lib/gcc/arm-none-eabi/7.3.1/../../../../arm-none-eabi/lib/thumb/v6-m/libc_nano.a(lib_a-init.o)
 .debug_frame   0x0000000000002d98       0x20 /Applications/STM32CubeIDE.app/Contents/Eclipse/plugins/com.st.stm32cube.ide.mcu.externaltools.gnu-tools-for-stm32.7-2018-q2-update.macos64_1.0.0.201904181610/tools/bin/../lib/gcc/arm-none-eabi/7.3.1/../../../../arm-none-eabi/lib/thumb/v6-m/libc_nano.a(lib_a-memset.o)
 .debug_frame   0x0000000000002db8       0x20 /Applications/STM32CubeIDE.app/Contents/Eclipse/plugins/com.st.stm32cube.ide.mcu.externaltools.gnu-tools-for-stm32.7-2018-q2-update.macos64_1.0.0.201904181610/tools/bin/../lib/gcc/arm-none-eabi/7.3.1/thumb/v6-m/libgcc.a(_udivsi3.o)
