20:51:38 **** Incremental Build of configuration Debug for project MidiLedController_sw_2 ****
make -j4 all 
arm-none-eabi-gcc "../Core/Src/stm32f0xx_it.c" -mcpu=cortex-m0 -std=gnu11 -g3 -DUSE_HAL_DRIVER -DSTM32F051x8 -DUSE_FULL_LL_DRIVER -DDEBUG -c -I../Drivers/STM32F0xx_HAL_Driver/Inc -I../Drivers/CMSIS/Include -I../Core/Inc -I../Drivers/STM32F0xx_HAL_Driver/Inc/Legacy -I../Drivers/CMSIS/Device/ST/STM32F0xx/Include -O0 -ffunction-sections -fdata-sections -Wall -fstack-usage -MMD -MP -MF"Core/Src/stm32f0xx_it.d" -MT"Core/Src/stm32f0xx_it.o" --specs=nano.specs -mfloat-abi=soft -mthumb -o "Core/Src/stm32f0xx_it.o"
arm-none-eabi-gcc -o "MidiLedController_sw_2.elf" @"objects.list"   -mcpu=cortex-m0 -T"/home/chris/Projects/Embedded/MidiLedController_sw_2/MidiLedController_sw_2/STM32F051K8TX_FLASH.ld" --specs=nosys.specs -Wl,-Map="MidiLedController_sw_2.map" -Wl,--gc-sections -static --specs=nano.specs -mfloat-abi=soft -mthumb -Wl,--start-group -lc -lm -Wl,--end-group
Finished building target: MidiLedController_sw_2.elf
 
arm-none-eabi-objdump -h -S  MidiLedController_sw_2.elf  > "MidiLedController_sw_2.list"
arm-none-eabi-objcopy  -O binary  MidiLedController_sw_2.elf  "MidiLedController_sw_2.bin"
arm-none-eabi-size   MidiLedController_sw_2.elf 
   text	   data	    bss	    dec	    hex	filename
  18188	     28	   2236	  20452	   4fe4	MidiLedController_sw_2.elf
Finished building: default.size.stdout
Finished building: MidiLedController_sw_2.bin
 
 
Finished building: MidiLedController_sw_2.list
 

20:51:39 Build Finished. 0 errors, 0 warnings. (took 775ms)

